2026-01-01 01:31:07.586 [HikariPool-1 housekeeper] WARN  [] [] com.zaxxer.hikari.pool.HikariPool - HikariPool-1 - Thread starvation or clock leap detected (housekeeper delta=2h27s165ms).
2026-01-01 03:33:20.326 [HikariPool-1 housekeeper] WARN  [] [] com.zaxxer.hikari.pool.HikariPool - HikariPool-1 - Thread starvation or clock leap detected (housekeeper delta=2h2m13s504ms).
2026-01-01 04:54:54.920 [HikariPool-1 housekeeper] WARN  [] [] com.zaxxer.hikari.pool.HikariPool - HikariPool-1 - Thread starvation or clock leap detected (housekeeper delta=1h21m34s594ms).
2026-01-01 05:58:07.558 [HikariPool-1 housekeeper] WARN  [] [] com.zaxxer.hikari.pool.HikariPool - HikariPool-1 - Thread starvation or clock leap detected (housekeeper delta=1h3m12s624ms).
2026-01-01 07:37:17.553 [HikariPool-1 housekeeper] WARN  [] [] com.zaxxer.hikari.pool.HikariPool - HikariPool-1 - Thread starvation or clock leap detected (housekeeper delta=1h39m10s9ms).
2026-01-01 09:39:26.890 [HikariPool-1 housekeeper] WARN  [] [] com.zaxxer.hikari.pool.HikariPool - HikariPool-1 - Thread starvation or clock leap detected (housekeeper delta=2h2m9s330ms).
2026-01-01 09:40:20.654 [HikariPool-1 housekeeper] WARN  [] [] com.zaxxer.hikari.pool.HikariPool - HikariPool-1 - Thread starvation or clock leap detected (housekeeper delta=53s771ms).
2026-01-01 09:41:53.370 [HikariPool-1 housekeeper] WARN  [] [] com.zaxxer.hikari.pool.HikariPool - HikariPool-1 - Thread starvation or clock leap detected (housekeeper delta=1m32s716ms).
2026-01-01 09:42:49.875 [HikariPool-1 housekeeper] WARN  [] [] com.zaxxer.hikari.pool.HikariPool - HikariPool-1 - Thread starvation or clock leap detected (housekeeper delta=56s505ms).
2026-01-01 09:43:41.797 [HikariPool-1 housekeeper] WARN  [] [] com.zaxxer.hikari.pool.HikariPool - HikariPool-1 - Thread starvation or clock leap detected (housekeeper delta=51s922ms).
2026-01-01 09:44:36.425 [HikariPool-1 housekeeper] WARN  [] [] com.zaxxer.hikari.pool.HikariPool - HikariPool-1 - Thread starvation or clock leap detected (housekeeper delta=54s628ms).
2026-01-01 09:46:05.702 [HikariPool-1 housekeeper] WARN  [] [] com.zaxxer.hikari.pool.HikariPool - HikariPool-1 - Thread starvation or clock leap detected (housekeeper delta=1m29s276ms).
2026-01-01 09:49:29.583 [HikariPool-1 housekeeper] WARN  [] [] com.zaxxer.hikari.pool.HikariPool - HikariPool-1 - Thread starvation or clock leap detected (housekeeper delta=3m23s881ms).
2026-01-01 10:40:59.073 [HikariPool-1 housekeeper] WARN  [] [] com.zaxxer.hikari.pool.HikariPool - HikariPool-1 - Thread starvation or clock leap detected (housekeeper delta=51m29s491ms).
2026-01-01 10:42:40.820 [HikariPool-1 housekeeper] WARN  [] [] com.zaxxer.hikari.pool.HikariPool - HikariPool-1 - Thread starvation or clock leap detected (housekeeper delta=1m41s747ms).
2026-01-01 10:43:59.017 [HikariPool-1 housekeeper] WARN  [] [] com.zaxxer.hikari.pool.HikariPool - HikariPool-1 - Thread starvation or clock leap detected (housekeeper delta=1m18s196ms).
2026-01-01 11:32:15.931 [HikariPool-1 housekeeper] WARN  [] [] com.zaxxer.hikari.pool.HikariPool - HikariPool-1 - Thread starvation or clock leap detected (housekeeper delta=48m16s914ms).
2026-01-01 11:41:49.220 [HikariPool-1 housekeeper] WARN  [] [] com.zaxxer.hikari.pool.HikariPool - HikariPool-1 - Thread starvation or clock leap detected (housekeeper delta=9m3s276ms).
2026-01-01 12:42:45.004 [HikariPool-1 housekeeper] WARN  [] [] com.zaxxer.hikari.pool.HikariPool - HikariPool-1 - Thread starvation or clock leap detected (housekeeper delta=1h55s783ms).
2026-01-01 13:43:43.047 [HikariPool-1 housekeeper] WARN  [] [] com.zaxxer.hikari.pool.HikariPool - HikariPool-1 - Thread starvation or clock leap detected (housekeeper delta=1h58s44ms).
2026-01-01 20:08:07.163 [HikariPool-1 housekeeper] WARN  [] [] com.zaxxer.hikari.pool.HikariPool - HikariPool-1 - Thread starvation or clock leap detected (housekeeper delta=6h24m24s70ms).
2026-01-01 20:25:02.687 [http-nio-8080-exec-1] DEBUG [] [] org.hibernate.SQL - select u1_0.id,u1_0.created_at,u1_0.email,u1_0.is_active,u1_0.name,u1_0.password,u1_0.photo_url,u1_0.updated_at from users u1_0 where u1_0.email=?
2026-01-01 20:25:03.096 [http-nio-8080-exec-1] DEBUG [] [] org.hibernate.SQL - select r1_0.user_id,r1_0.role from user_roles r1_0 where r1_0.user_id=?
2026-01-01 20:25:03.136 [http-nio-8080-exec-1] INFO  [] [] c.m.t.s.CustomUserDetailsService - User found: User{id=4, email='ariosa@gmail.com', name='Peter Ariosa', roles=[USER], isActive=true, photoUrl='null', createdAt=2025-08-11T01:02:45, updatedAt=2025-08-11T01:02:45}
2026-01-01 20:25:03.153 [http-nio-8080-exec-1] INFO  [] [] c.m.t.s.JwtAuthenticationFilter - Authenticated user: ariosa@gmail.com
2026-01-01 20:25:03.157 [http-nio-8080-exec-1] DEBUG [] [] o.s.web.servlet.DispatcherServlet - POST "/api/auth/login", parameters={}
2026-01-01 20:25:03.158 [http-nio-8080-exec-1] DEBUG [] [] o.s.w.s.m.m.a.RequestMappingHandlerMapping - Mapped to com.mercy.tarot.controllers.AuthController#login(LoginRequest)
2026-01-01 20:25:03.178 [http-nio-8080-exec-1] DEBUG [] [] o.s.w.s.m.m.a.RequestResponseBodyMethodProcessor - Read "application/json;charset=UTF-8" to [LoginRequest[email=ariosa@gmail.com, password=Innit2012!]]
2026-01-01 20:25:03.195 [http-nio-8080-exec-1] DEBUG [] [] org.hibernate.SQL - select u1_0.id,u1_0.created_at,u1_0.email,u1_0.is_active,u1_0.name,u1_0.password,u1_0.photo_url,u1_0.updated_at from users u1_0 where u1_0.email=?
2026-01-01 20:25:03.206 [http-nio-8080-exec-1] DEBUG [] [] org.hibernate.SQL - select r1_0.user_id,r1_0.role from user_roles r1_0 where r1_0.user_id=?
2026-01-01 20:25:03.210 [http-nio-8080-exec-1] INFO  [] [] c.m.t.s.CustomUserDetailsService - User found: User{id=4, email='ariosa@gmail.com', name='Peter Ariosa', roles=[USER], isActive=true, photoUrl='null', createdAt=2025-08-11T01:02:45, updatedAt=2025-08-11T01:02:45}
2026-01-01 20:25:03.310 [http-nio-8080-exec-1] DEBUG [] [] o.s.w.s.m.m.a.HttpEntityMethodProcessor - Using 'application/json', given [application/json, text/plain, */*] and supported [application/json, application/*+json]
2026-01-01 20:25:03.313 [http-nio-8080-exec-1] DEBUG [] [] o.s.w.s.m.m.a.HttpEntityMethodProcessor - Writing [LoginResponse[token=eyJhbGciOiJIUzI1NiJ9.eyJyb2xlcyI6WyJST0xFX1VTRVIiXSwic3ViIjoiYXJpb3NhQGdtYWlsLmN (truncated)...]
2026-01-01 20:25:03.320 [http-nio-8080-exec-1] DEBUG [] [] o.s.web.servlet.DispatcherServlet - Completed 200 OK
2026-01-01 20:25:03.359 [http-nio-8080-exec-3] DEBUG [] [] org.hibernate.SQL - select u1_0.id,u1_0.created_at,u1_0.email,u1_0.is_active,u1_0.name,u1_0.password,u1_0.photo_url,u1_0.updated_at from users u1_0 where u1_0.email=?
2026-01-01 20:25:03.372 [http-nio-8080-exec-3] DEBUG [] [] org.hibernate.SQL - select r1_0.user_id,r1_0.role from user_roles r1_0 where r1_0.user_id=?
2026-01-01 20:25:03.392 [http-nio-8080-exec-3] INFO  [] [] c.m.t.s.CustomUserDetailsService - User found: User{id=4, email='ariosa@gmail.com', name='Peter Ariosa', roles=[USER], isActive=true, photoUrl='null', createdAt=2025-08-11T01:02:45, updatedAt=2025-08-11T01:02:45}
2026-01-01 20:25:03.402 [http-nio-8080-exec-3] INFO  [] [] c.m.t.s.JwtAuthenticationFilter - Authenticated user: ariosa@gmail.com
2026-01-01 20:25:03.404 [http-nio-8080-exec-3] DEBUG [] [] o.s.web.servlet.DispatcherServlet - GET "/api/users/me", parameters={}
2026-01-01 20:25:03.406 [http-nio-8080-exec-3] DEBUG [] [] o.s.w.s.m.m.a.RequestMappingHandlerMapping - Mapped to com.mercy.tarot.controllers.UserController#getCurrentUser(Authentication)
2026-01-01 20:25:03.416 [http-nio-8080-exec-3] DEBUG [] [] org.hibernate.SQL - select u1_0.id,u1_0.created_at,u1_0.email,u1_0.is_active,u1_0.name,u1_0.password,u1_0.photo_url,u1_0.updated_at from users u1_0 where u1_0.email=?
2026-01-01 20:25:03.418 [http-nio-8080-exec-3] DEBUG [] [] org.hibernate.SQL - select r1_0.user_id,r1_0.role from user_roles r1_0 where r1_0.user_id=?
2026-01-01 20:25:03.443 [http-nio-8080-exec-3] DEBUG [] [] o.s.w.s.m.m.a.HttpEntityMethodProcessor - Using 'application/json', given [application/json, text/plain, */*] and supported [application/json, application/*+json]
2026-01-01 20:25:03.444 [http-nio-8080-exec-3] DEBUG [] [] o.s.w.s.m.m.a.HttpEntityMethodProcessor - Writing [com.mercy.tarot.dto.UserProfileDTO@575c7c52]
2026-01-01 20:25:03.445 [http-nio-8080-exec-3] DEBUG [] [] o.s.web.servlet.DispatcherServlet - Completed 200 OK
2026-01-01 20:27:45.069 [http-nio-8080-exec-7] DEBUG [] [] org.hibernate.SQL - select u1_0.id,u1_0.created_at,u1_0.email,u1_0.is_active,u1_0.name,u1_0.password,u1_0.photo_url,u1_0.updated_at from users u1_0 where u1_0.email=?
2026-01-01 20:27:45.147 [http-nio-8080-exec-7] DEBUG [] [] org.hibernate.SQL - select r1_0.user_id,r1_0.role from user_roles r1_0 where r1_0.user_id=?
2026-01-01 20:27:45.178 [http-nio-8080-exec-7] INFO  [] [] c.m.t.s.CustomUserDetailsService - User found: User{id=4, email='ariosa@gmail.com', name='Peter Ariosa', roles=[USER], isActive=true, photoUrl='null', createdAt=2025-08-11T01:02:45, updatedAt=2025-08-11T01:02:45}
2026-01-01 20:27:45.207 [http-nio-8080-exec-7] INFO  [] [] c.m.t.s.JwtAuthenticationFilter - Authenticated user: ariosa@gmail.com
2026-01-01 20:27:45.212 [http-nio-8080-exec-7] DEBUG [] [] o.s.web.servlet.DispatcherServlet - GET "/api/spread/parallel/weighted/78", parameters={}
2026-01-01 20:27:45.214 [http-nio-8080-exec-7] DEBUG [] [] o.s.w.s.m.m.a.RequestMappingHandlerMapping - Mapped to com.mercy.tarot.controllers.CardController#getSpreadParallelWeighted(int)
2026-01-01 20:27:45.238 [http-nio-8080-exec-7] INFO  [] [] c.m.tarot.controllers.CardController - Weighted card spread with parallel shuffle requested for 78 cards
2026-01-01 20:27:45.238 [http-nio-8080-exec-7] DEBUG [] [] c.m.tarot.controllers.CardController - Getting 78 random cards with weighted reversal using parallel shuffle
2026-01-01 20:27:45.280 [http-nio-8080-exec-7] DEBUG [] [] org.hibernate.SQL - select c1_0.id,c1_0.card_description,c1_0.card_value,c1_0.major,c1_0.reversed_description,c1_0.story,c1_0.suit,c1_0.title from card c1_0
2026-01-01 20:27:45.421 [http-nio-8080-exec-7] DEBUG [] [] c.m.tarot.controllers.CardController - Retrieved 78 total cards from repository for parallel weighted shuffle
2026-01-01 20:27:45.421 [http-nio-8080-exec-7] DEBUG [] [] c.m.tarot.controllers.CardController - Starting parallel shuffle for 78 cards
2026-01-01 20:27:45.422 [http-nio-8080-exec-7] DEBUG [] [] c.m.tarot.controllers.CardController - Using 8 threads with segment size: 9
2026-01-01 20:27:45.455 [http-nio-8080-exec-7] DEBUG [] [] c.m.tarot.controllers.CardController - Parallel shuffle completed in 34ms for 78 cards
2026-01-01 20:27:45.456 [http-nio-8080-exec-7] DEBUG [] [] c.m.tarot.controllers.CardController - Selecting 78 cards with parallel weighted reversal (requested: 78, available: 78)
2026-01-01 20:27:45.456 [http-nio-8080-exec-7] INFO  [] [] c.m.tarot.controllers.CardController - Successfully generated 78 weighted reversal cards using parallel shuffle
2026-01-01 20:27:45.457 [http-nio-8080-exec-7] INFO  [] [] c.m.tarot.controllers.CardController - Weighted card spread with parallel shuffle completed - 78 cards drawn
2026-01-01 20:27:45.463 [http-nio-8080-exec-7] DEBUG [] [] o.s.w.s.m.m.a.RequestResponseBodyMethodProcessor - Using 'application/json', given [application/json, text/plain, */*] and supported [application/json, application/*+json]
2026-01-01 20:27:45.471 [http-nio-8080-exec-7] DEBUG [] [] o.s.w.s.m.m.a.RequestResponseBodyMethodProcessor - Writing [[com.mercy.tarot.dto.CardDTO@25ad3efd, com.mercy.tarot.dto.CardDTO@408326d0, com.mercy.tarot.dto.Car (truncated)...]
2026-01-01 20:27:45.484 [http-nio-8080-exec-7] DEBUG [] [] o.s.web.servlet.DispatcherServlet - Completed 200 OK
2026-01-01 20:27:58.290 [http-nio-8080-exec-9] DEBUG [] [] org.hibernate.SQL - select u1_0.id,u1_0.created_at,u1_0.email,u1_0.is_active,u1_0.name,u1_0.password,u1_0.photo_url,u1_0.updated_at from users u1_0 where u1_0.email=?
2026-01-01 20:27:58.307 [http-nio-8080-exec-9] DEBUG [] [] org.hibernate.SQL - select r1_0.user_id,r1_0.role from user_roles r1_0 where r1_0.user_id=?
2026-01-01 20:27:58.329 [http-nio-8080-exec-9] INFO  [] [] c.m.t.s.CustomUserDetailsService - User found: User{id=4, email='ariosa@gmail.com', name='Peter Ariosa', roles=[USER], isActive=true, photoUrl='null', createdAt=2025-08-11T01:02:45, updatedAt=2025-08-11T01:02:45}
2026-01-01 20:27:58.345 [http-nio-8080-exec-9] INFO  [] [] c.m.t.s.JwtAuthenticationFilter - Authenticated user: ariosa@gmail.com
2026-01-01 20:27:58.345 [http-nio-8080-exec-9] DEBUG [] [] o.s.web.servlet.DispatcherServlet - GET "/api/spread/parallel/weighted/1", parameters={}
2026-01-01 20:27:58.346 [http-nio-8080-exec-9] DEBUG [] [] o.s.w.s.m.m.a.RequestMappingHandlerMapping - Mapped to com.mercy.tarot.controllers.CardController#getSpreadParallelWeighted(int)
2026-01-01 20:27:58.346 [http-nio-8080-exec-9] INFO  [] [] c.m.tarot.controllers.CardController - Weighted card spread with parallel shuffle requested for 1 cards
2026-01-01 20:27:58.347 [http-nio-8080-exec-9] DEBUG [] [] c.m.tarot.controllers.CardController - Getting 1 random cards with weighted reversal using parallel shuffle
2026-01-01 20:27:58.350 [http-nio-8080-exec-9] DEBUG [] [] org.hibernate.SQL - select c1_0.id,c1_0.card_description,c1_0.card_value,c1_0.major,c1_0.reversed_description,c1_0.story,c1_0.suit,c1_0.title from card c1_0
2026-01-01 20:27:58.377 [http-nio-8080-exec-9] DEBUG [] [] c.m.tarot.controllers.CardController - Retrieved 78 total cards from repository for parallel weighted shuffle
2026-01-01 20:27:58.377 [http-nio-8080-exec-9] DEBUG [] [] c.m.tarot.controllers.CardController - Starting parallel shuffle for 78 cards
2026-01-01 20:27:58.377 [http-nio-8080-exec-9] DEBUG [] [] c.m.tarot.controllers.CardController - Using 8 threads with segment size: 9
2026-01-01 20:27:58.383 [http-nio-8080-exec-9] DEBUG [] [] c.m.tarot.controllers.CardController - Parallel shuffle completed in 6ms for 78 cards
2026-01-01 20:27:58.383 [http-nio-8080-exec-9] DEBUG [] [] c.m.tarot.controllers.CardController - Selecting 1 cards with parallel weighted reversal (requested: 1, available: 78)
2026-01-01 20:27:58.383 [http-nio-8080-exec-9] INFO  [] [] c.m.tarot.controllers.CardController - Successfully generated 1 weighted reversal cards using parallel shuffle
2026-01-01 20:27:58.383 [http-nio-8080-exec-9] INFO  [] [] c.m.tarot.controllers.CardController - Weighted card spread with parallel shuffle completed - 1 cards drawn
2026-01-01 20:27:58.383 [http-nio-8080-exec-9] DEBUG [] [] o.s.w.s.m.m.a.RequestResponseBodyMethodProcessor - Using 'application/json', given [application/json, text/plain, */*] and supported [application/json, application/*+json]
2026-01-01 20:27:58.383 [http-nio-8080-exec-9] DEBUG [] [] o.s.w.s.m.m.a.RequestResponseBodyMethodProcessor - Writing [[com.mercy.tarot.dto.CardDTO@4df9c338]]
2026-01-01 20:27:58.384 [http-nio-8080-exec-9] DEBUG [] [] o.s.web.servlet.DispatcherServlet - Completed 200 OK
2026-01-01 20:28:08.091 [http-nio-8080-exec-2] DEBUG [] [] org.hibernate.SQL - select u1_0.id,u1_0.created_at,u1_0.email,u1_0.is_active,u1_0.name,u1_0.password,u1_0.photo_url,u1_0.updated_at from users u1_0 where u1_0.email=?
2026-01-01 20:28:08.099 [http-nio-8080-exec-2] DEBUG [] [] org.hibernate.SQL - select r1_0.user_id,r1_0.role from user_roles r1_0 where r1_0.user_id=?
2026-01-01 20:28:08.100 [http-nio-8080-exec-2] INFO  [] [] c.m.t.s.CustomUserDetailsService - User found: User{id=4, email='ariosa@gmail.com', name='Peter Ariosa', roles=[USER], isActive=true, photoUrl='null', createdAt=2025-08-11T01:02:45, updatedAt=2025-08-11T01:02:45}
2026-01-01 20:28:08.106 [http-nio-8080-exec-2] INFO  [] [] c.m.t.s.JwtAuthenticationFilter - Authenticated user: ariosa@gmail.com
2026-01-01 20:28:08.106 [http-nio-8080-exec-2] DEBUG [] [] o.s.web.servlet.DispatcherServlet - GET "/api/spread/parallel/weighted/3", parameters={}
2026-01-01 20:28:08.107 [http-nio-8080-exec-2] DEBUG [] [] o.s.w.s.m.m.a.RequestMappingHandlerMapping - Mapped to com.mercy.tarot.controllers.CardController#getSpreadParallelWeighted(int)
2026-01-01 20:28:08.107 [http-nio-8080-exec-2] INFO  [] [] c.m.tarot.controllers.CardController - Weighted card spread with parallel shuffle requested for 3 cards
2026-01-01 20:28:08.107 [http-nio-8080-exec-2] DEBUG [] [] c.m.tarot.controllers.CardController - Getting 3 random cards with weighted reversal using parallel shuffle
2026-01-01 20:28:08.108 [http-nio-8080-exec-2] DEBUG [] [] org.hibernate.SQL - select c1_0.id,c1_0.card_description,c1_0.card_value,c1_0.major,c1_0.reversed_description,c1_0.story,c1_0.suit,c1_0.title from card c1_0
2026-01-01 20:28:08.120 [http-nio-8080-exec-2] DEBUG [] [] c.m.tarot.controllers.CardController - Retrieved 78 total cards from repository for parallel weighted shuffle
2026-01-01 20:28:08.120 [http-nio-8080-exec-2] DEBUG [] [] c.m.tarot.controllers.CardController - Starting parallel shuffle for 78 cards
2026-01-01 20:28:08.120 [http-nio-8080-exec-2] DEBUG [] [] c.m.tarot.controllers.CardController - Using 8 threads with segment size: 9
2026-01-01 20:28:08.121 [http-nio-8080-exec-2] DEBUG [] [] c.m.tarot.controllers.CardController - Parallel shuffle completed in 1ms for 78 cards
2026-01-01 20:28:08.121 [http-nio-8080-exec-2] DEBUG [] [] c.m.tarot.controllers.CardController - Selecting 3 cards with parallel weighted reversal (requested: 3, available: 78)
2026-01-01 20:28:08.121 [http-nio-8080-exec-2] INFO  [] [] c.m.tarot.controllers.CardController - Successfully generated 3 weighted reversal cards using parallel shuffle
2026-01-01 20:28:08.121 [http-nio-8080-exec-2] INFO  [] [] c.m.tarot.controllers.CardController - Weighted card spread with parallel shuffle completed - 3 cards drawn
2026-01-01 20:28:08.121 [http-nio-8080-exec-2] DEBUG [] [] o.s.w.s.m.m.a.RequestResponseBodyMethodProcessor - Using 'application/json', given [application/json, text/plain, */*] and supported [application/json, application/*+json]
2026-01-01 20:28:08.121 [http-nio-8080-exec-2] DEBUG [] [] o.s.w.s.m.m.a.RequestResponseBodyMethodProcessor - Writing [[com.mercy.tarot.dto.CardDTO@5554af98, com.mercy.tarot.dto.CardDTO@271db4ab, com.mercy.tarot.dto.Car (truncated)...]
2026-01-01 20:28:08.122 [http-nio-8080-exec-2] DEBUG [] [] o.s.web.servlet.DispatcherServlet - Completed 200 OK
2026-01-01 20:37:01.676 [http-nio-8080-exec-5] DEBUG [] [] org.hibernate.SQL - select u1_0.id,u1_0.created_at,u1_0.email,u1_0.is_active,u1_0.name,u1_0.password,u1_0.photo_url,u1_0.updated_at from users u1_0 where u1_0.email=?
2026-01-01 20:37:01.702 [http-nio-8080-exec-5] DEBUG [] [] org.hibernate.SQL - select r1_0.user_id,r1_0.role from user_roles r1_0 where r1_0.user_id=?
2026-01-01 20:37:01.710 [http-nio-8080-exec-5] INFO  [] [] c.m.t.s.CustomUserDetailsService - User found: User{id=4, email='ariosa@gmail.com', name='Peter Ariosa', roles=[USER], isActive=true, photoUrl='null', createdAt=2025-08-11T01:02:45, updatedAt=2025-08-11T01:02:45}
2026-01-01 20:37:02.128 [http-nio-8080-exec-5] INFO  [] [] c.m.t.s.JwtAuthenticationFilter - Authenticated user: ariosa@gmail.com
2026-01-01 20:37:02.130 [http-nio-8080-exec-5] DEBUG [] [] o.s.web.servlet.DispatcherServlet - POST "/api/story/getStoryDTO", parameters={}
2026-01-01 20:37:02.131 [http-nio-8080-exec-5] DEBUG [] [] o.s.w.s.m.m.a.RequestMappingHandlerMapping - Mapped to com.mercy.tarot.controllers.StoryController#getStoryPrompt(CardNamesRequest)
2026-01-01 20:37:02.136 [http-nio-8080-exec-5] DEBUG [] [] o.s.w.s.m.m.a.RequestResponseBodyMethodProcessor - Read "application/json;charset=UTF-8" to [CardNamesRequest{cardNames='Ten Of Swords, Nine Of Swords, Judgement'}]
2026-01-01 20:37:02.138 [http-nio-8080-exec-5] INFO  [] [] c.m.t.controllers.StoryController - Story prompt requested for cards: Ten Of Swords, Nine Of Swords, Judgement
2026-01-01 20:37:02.141 [http-nio-8080-exec-5] DEBUG [] [] c.m.t.controllers.StoryController - Parsed card names: [Ten Of Swords, Nine Of Swords, Judgement]
2026-01-01 20:37:02.146 [http-nio-8080-exec-5] DEBUG [] [] org.hibernate.SQL - select tse1_0.title,tse1_0.ally_defecits,tse1_0.ally_descriptors,tse1_0.ally_goals,tse1_0.call_to_action,tse1_0.card_name,tse1_0.climax_description,tse1_0.climax_event,tse1_0.climax_location,tse1_0.enemy_defecits,tse1_0.enemy_descriptors,tse1_0.enemy_goals,tse1_0.keywords,tse1_0.locations,tse1_0.main_character_defecits,tse1_0.main_character_descriptors,tse1_0.main_character_goals,tse1_0.moral_value,tse1_0.point_of_view,tse1_0.style,tse1_0.theme from tarotstoryelements tse1_0
2026-01-01 20:37:02.214 [http-nio-8080-exec-5] DEBUG [] [] c.m.t.controllers.StoryController - Retrieved 65 story elements from database
2026-01-01 20:37:02.214 [http-nio-8080-exec-5] WARN  [] [] c.m.t.controllers.StoryController - Found 1 story elements with null card names in database
2026-01-01 20:37:02.214 [http-nio-8080-exec-5] DEBUG [] [] c.m.t.controllers.StoryController - Processing story elements for card: Nine of Swords
2026-01-01 20:37:02.218 [http-nio-8080-exec-5] DEBUG [] [] c.m.t.controllers.StoryController - Processing story elements for card: Ten of Swords
2026-01-01 20:37:02.218 [http-nio-8080-exec-5] INFO  [] [] c.m.t.controllers.StoryController - Matched 2 cards from request, generating story elements
2026-01-01 20:37:02.219 [http-nio-8080-exec-5] INFO  [] [] c.m.t.controllers.StoryController - Generated complete story prompt with 19 elements for 2 matched cards
2026-01-01 20:37:02.221 [http-nio-8080-exec-5] DEBUG [] [] o.s.w.s.m.m.a.HttpEntityMethodProcessor - Using 'application/json', given [application/json, text/plain, */*] and supported [application/json, application/*+json]
2026-01-01 20:37:02.222 [http-nio-8080-exec-5] DEBUG [] [] o.s.w.s.m.m.a.HttpEntityMethodProcessor - Writing [{mainCharacterDeficit={source=Ten of Swords, storyElement=Overwhelmed by Burden}, allyGoal={source=T (truncated)...]
2026-01-01 20:37:02.226 [http-nio-8080-exec-5] DEBUG [] [] o.s.web.servlet.DispatcherServlet - Completed 200 OK
2026-01-01 20:37:27.776 [http-nio-8080-exec-4] DEBUG [] [] org.hibernate.SQL - select u1_0.id,u1_0.created_at,u1_0.email,u1_0.is_active,u1_0.name,u1_0.password,u1_0.photo_url,u1_0.updated_at from users u1_0 where u1_0.email=?
2026-01-01 20:37:27.783 [http-nio-8080-exec-4] DEBUG [] [] org.hibernate.SQL - select r1_0.user_id,r1_0.role from user_roles r1_0 where r1_0.user_id=?
2026-01-01 20:37:27.791 [http-nio-8080-exec-4] INFO  [] [] c.m.t.s.CustomUserDetailsService - User found: User{id=4, email='ariosa@gmail.com', name='Peter Ariosa', roles=[USER], isActive=true, photoUrl='null', createdAt=2025-08-11T01:02:45, updatedAt=2025-08-11T01:02:45}
2026-01-01 20:37:27.807 [http-nio-8080-exec-4] INFO  [] [] c.m.t.s.JwtAuthenticationFilter - Authenticated user: ariosa@gmail.com
2026-01-01 20:37:27.809 [http-nio-8080-exec-4] DEBUG [] [] o.s.web.servlet.DispatcherServlet - GET "/api/spread/parallel/weighted/3", parameters={}
2026-01-01 20:37:27.810 [http-nio-8080-exec-4] DEBUG [] [] o.s.w.s.m.m.a.RequestMappingHandlerMapping - Mapped to com.mercy.tarot.controllers.CardController#getSpreadParallelWeighted(int)
2026-01-01 20:37:27.811 [http-nio-8080-exec-4] INFO  [] [] c.m.tarot.controllers.CardController - Weighted card spread with parallel shuffle requested for 3 cards
2026-01-01 20:37:27.812 [http-nio-8080-exec-4] DEBUG [] [] c.m.tarot.controllers.CardController - Getting 3 random cards with weighted reversal using parallel shuffle
2026-01-01 20:37:27.818 [http-nio-8080-exec-4] DEBUG [] [] org.hibernate.SQL - select c1_0.id,c1_0.card_description,c1_0.card_value,c1_0.major,c1_0.reversed_description,c1_0.story,c1_0.suit,c1_0.title from card c1_0
2026-01-01 20:37:27.844 [http-nio-8080-exec-4] DEBUG [] [] c.m.tarot.controllers.CardController - Retrieved 78 total cards from repository for parallel weighted shuffle
2026-01-01 20:37:27.844 [http-nio-8080-exec-4] DEBUG [] [] c.m.tarot.controllers.CardController - Starting parallel shuffle for 78 cards
2026-01-01 20:37:27.844 [http-nio-8080-exec-4] DEBUG [] [] c.m.tarot.controllers.CardController - Using 8 threads with segment size: 9
2026-01-01 20:37:27.847 [http-nio-8080-exec-4] DEBUG [] [] c.m.tarot.controllers.CardController - Parallel shuffle completed in 3ms for 78 cards
2026-01-01 20:37:27.847 [http-nio-8080-exec-4] DEBUG [] [] c.m.tarot.controllers.CardController - Selecting 3 cards with parallel weighted reversal (requested: 3, available: 78)
2026-01-01 20:37:27.849 [http-nio-8080-exec-4] INFO  [] [] c.m.tarot.controllers.CardController - Successfully generated 3 weighted reversal cards using parallel shuffle
2026-01-01 20:37:27.849 [http-nio-8080-exec-4] INFO  [] [] c.m.tarot.controllers.CardController - Weighted card spread with parallel shuffle completed - 3 cards drawn
2026-01-01 20:37:27.851 [http-nio-8080-exec-4] DEBUG [] [] o.s.w.s.m.m.a.RequestResponseBodyMethodProcessor - Using 'application/json', given [application/json, text/plain, */*] and supported [application/json, application/*+json]
2026-01-01 20:37:27.852 [http-nio-8080-exec-4] DEBUG [] [] o.s.w.s.m.m.a.RequestResponseBodyMethodProcessor - Writing [[com.mercy.tarot.dto.CardDTO@1acf9d06, com.mercy.tarot.dto.CardDTO@521c8f22, com.mercy.tarot.dto.Car (truncated)...]
2026-01-01 20:37:27.854 [http-nio-8080-exec-4] DEBUG [] [] o.s.web.servlet.DispatcherServlet - Completed 200 OK
2026-01-01 20:37:33.873 [http-nio-8080-exec-6] DEBUG [] [] org.hibernate.SQL - select u1_0.id,u1_0.created_at,u1_0.email,u1_0.is_active,u1_0.name,u1_0.password,u1_0.photo_url,u1_0.updated_at from users u1_0 where u1_0.email=?
2026-01-01 20:37:33.876 [http-nio-8080-exec-6] DEBUG [] [] org.hibernate.SQL - select r1_0.user_id,r1_0.role from user_roles r1_0 where r1_0.user_id=?
2026-01-01 20:37:33.879 [http-nio-8080-exec-6] INFO  [] [] c.m.t.s.CustomUserDetailsService - User found: User{id=4, email='ariosa@gmail.com', name='Peter Ariosa', roles=[USER], isActive=true, photoUrl='null', createdAt=2025-08-11T01:02:45, updatedAt=2025-08-11T01:02:45}
2026-01-01 20:37:33.887 [http-nio-8080-exec-6] INFO  [] [] c.m.t.s.JwtAuthenticationFilter - Authenticated user: ariosa@gmail.com
2026-01-01 20:37:33.887 [http-nio-8080-exec-6] DEBUG [] [] o.s.web.servlet.DispatcherServlet - POST "/api/story/getStoryDTO", parameters={}
2026-01-01 20:37:33.887 [http-nio-8080-exec-6] DEBUG [] [] o.s.w.s.m.m.a.RequestMappingHandlerMapping - Mapped to com.mercy.tarot.controllers.StoryController#getStoryPrompt(CardNamesRequest)
2026-01-01 20:37:33.889 [http-nio-8080-exec-6] DEBUG [] [] o.s.w.s.m.m.a.RequestResponseBodyMethodProcessor - Read "application/json;charset=UTF-8" to [CardNamesRequest{cardNames='King Of Pentacles, Ace Of Wands, Ten Of Wands'}]
2026-01-01 20:37:33.890 [http-nio-8080-exec-6] INFO  [] [] c.m.t.controllers.StoryController - Story prompt requested for cards: King Of Pentacles, Ace Of Wands, Ten Of Wands
2026-01-01 20:37:33.890 [http-nio-8080-exec-6] DEBUG [] [] c.m.t.controllers.StoryController - Parsed card names: [King Of Pentacles, Ace Of Wands, Ten Of Wands]
2026-01-01 20:37:33.892 [http-nio-8080-exec-6] DEBUG [] [] org.hibernate.SQL - select tse1_0.title,tse1_0.ally_defecits,tse1_0.ally_descriptors,tse1_0.ally_goals,tse1_0.call_to_action,tse1_0.card_name,tse1_0.climax_description,tse1_0.climax_event,tse1_0.climax_location,tse1_0.enemy_defecits,tse1_0.enemy_descriptors,tse1_0.enemy_goals,tse1_0.keywords,tse1_0.locations,tse1_0.main_character_defecits,tse1_0.main_character_descriptors,tse1_0.main_character_goals,tse1_0.moral_value,tse1_0.point_of_view,tse1_0.style,tse1_0.theme from tarotstoryelements tse1_0
2026-01-01 20:37:33.907 [http-nio-8080-exec-6] DEBUG [] [] c.m.t.controllers.StoryController - Retrieved 65 story elements from database
2026-01-01 20:37:33.907 [http-nio-8080-exec-6] WARN  [] [] c.m.t.controllers.StoryController - Found 1 story elements with null card names in database
2026-01-01 20:37:33.907 [http-nio-8080-exec-6] DEBUG [] [] c.m.t.controllers.StoryController - Processing story elements for card: Ace of Wands
2026-01-01 20:37:33.907 [http-nio-8080-exec-6] DEBUG [] [] c.m.t.controllers.StoryController - Processing story elements for card: Ten of Wands
2026-01-01 20:37:33.908 [http-nio-8080-exec-6] DEBUG [] [] c.m.t.controllers.StoryController - Processing story elements for card: King of Pentacles
2026-01-01 20:37:33.908 [http-nio-8080-exec-6] INFO  [] [] c.m.t.controllers.StoryController - Matched 3 cards from request, generating story elements
2026-01-01 20:37:33.908 [http-nio-8080-exec-6] INFO  [] [] c.m.t.controllers.StoryController - Generated complete story prompt with 19 elements for 3 matched cards
2026-01-01 20:37:33.908 [http-nio-8080-exec-6] DEBUG [] [] o.s.w.s.m.m.a.HttpEntityMethodProcessor - Using 'application/json', given [application/json, text/plain, */*] and supported [application/json, application/*+json]
2026-01-01 20:37:33.914 [http-nio-8080-exec-6] DEBUG [] [] o.s.w.s.m.m.a.HttpEntityMethodProcessor - Writing [{mainCharacterDeficit={source=King of Pentacles, storyElement=Judgmental}, allyGoal={source=Ten of W (truncated)...]
2026-01-01 20:37:33.915 [http-nio-8080-exec-6] DEBUG [] [] o.s.web.servlet.DispatcherServlet - Completed 200 OK
2026-01-01 20:38:40.120 [http-nio-8080-exec-8] DEBUG [] [] org.hibernate.SQL - select u1_0.id,u1_0.created_at,u1_0.email,u1_0.is_active,u1_0.name,u1_0.password,u1_0.photo_url,u1_0.updated_at from users u1_0 where u1_0.email=?
2026-01-01 20:38:40.134 [http-nio-8080-exec-8] DEBUG [] [] org.hibernate.SQL - select r1_0.user_id,r1_0.role from user_roles r1_0 where r1_0.user_id=?
2026-01-01 20:38:40.152 [http-nio-8080-exec-8] INFO  [] [] c.m.t.s.CustomUserDetailsService - User found: User{id=4, email='ariosa@gmail.com', name='Peter Ariosa', roles=[USER], isActive=true, photoUrl='null', createdAt=2025-08-11T01:02:45, updatedAt=2025-08-11T01:02:45}
2026-01-01 20:38:40.164 [http-nio-8080-exec-8] INFO  [] [] c.m.t.s.JwtAuthenticationFilter - Authenticated user: ariosa@gmail.com
2026-01-01 20:38:40.165 [http-nio-8080-exec-8] DEBUG [] [] o.s.web.servlet.DispatcherServlet - POST "/api/story/getStoryDTO", parameters={}
2026-01-01 20:38:40.165 [http-nio-8080-exec-8] DEBUG [] [] o.s.w.s.m.m.a.RequestMappingHandlerMapping - Mapped to com.mercy.tarot.controllers.StoryController#getStoryPrompt(CardNamesRequest)
2026-01-01 20:38:40.167 [http-nio-8080-exec-8] DEBUG [] [] o.s.w.s.m.m.a.RequestResponseBodyMethodProcessor - Read "application/json;charset=UTF-8" to [CardNamesRequest{cardNames='King Of Pentacles, Ace Of Wands, Ten Of Wands'}]
2026-01-01 20:38:40.167 [http-nio-8080-exec-8] INFO  [] [] c.m.t.controllers.StoryController - Story prompt requested for cards: King Of Pentacles, Ace Of Wands, Ten Of Wands
2026-01-01 20:38:40.168 [http-nio-8080-exec-8] DEBUG [] [] c.m.t.controllers.StoryController - Parsed card names: [King Of Pentacles, Ace Of Wands, Ten Of Wands]
2026-01-01 20:38:40.171 [http-nio-8080-exec-8] DEBUG [] [] org.hibernate.SQL - select tse1_0.title,tse1_0.ally_defecits,tse1_0.ally_descriptors,tse1_0.ally_goals,tse1_0.call_to_action,tse1_0.card_name,tse1_0.climax_description,tse1_0.climax_event,tse1_0.climax_location,tse1_0.enemy_defecits,tse1_0.enemy_descriptors,tse1_0.enemy_goals,tse1_0.keywords,tse1_0.locations,tse1_0.main_character_defecits,tse1_0.main_character_descriptors,tse1_0.main_character_goals,tse1_0.moral_value,tse1_0.point_of_view,tse1_0.style,tse1_0.theme from tarotstoryelements tse1_0
2026-01-01 20:38:40.217 [http-nio-8080-exec-8] DEBUG [] [] c.m.t.controllers.StoryController - Retrieved 65 story elements from database
2026-01-01 20:38:40.218 [http-nio-8080-exec-8] WARN  [] [] c.m.t.controllers.StoryController - Found 1 story elements with null card names in database
2026-01-01 20:38:40.218 [http-nio-8080-exec-8] DEBUG [] [] c.m.t.controllers.StoryController - Processing story elements for card: Ace of Wands
2026-01-01 20:38:40.218 [http-nio-8080-exec-8] DEBUG [] [] c.m.t.controllers.StoryController - Processing story elements for card: Ten of Wands
2026-01-01 20:38:40.220 [http-nio-8080-exec-8] DEBUG [] [] c.m.t.controllers.StoryController - Processing story elements for card: King of Pentacles
2026-01-01 20:38:40.220 [http-nio-8080-exec-8] INFO  [] [] c.m.t.controllers.StoryController - Matched 3 cards from request, generating story elements
2026-01-01 20:38:40.221 [http-nio-8080-exec-8] INFO  [] [] c.m.t.controllers.StoryController - Generated complete story prompt with 19 elements for 3 matched cards
2026-01-01 20:38:40.225 [http-nio-8080-exec-8] DEBUG [] [] o.s.w.s.m.m.a.HttpEntityMethodProcessor - Using 'application/json', given [application/json, text/plain, */*] and supported [application/json, application/*+json]
2026-01-01 20:38:40.226 [http-nio-8080-exec-8] DEBUG [] [] o.s.w.s.m.m.a.HttpEntityMethodProcessor - Writing [{mainCharacterDeficit={source=Ace of Wands, storyElement=Ice-cold fury}, allyGoal={source=Ten of Wan (truncated)...]
2026-01-01 20:38:40.228 [http-nio-8080-exec-8] DEBUG [] [] o.s.web.servlet.DispatcherServlet - Completed 200 OK
2026-01-01 20:38:42.112 [http-nio-8080-exec-9] DEBUG [] [] org.hibernate.SQL - select u1_0.id,u1_0.created_at,u1_0.email,u1_0.is_active,u1_0.name,u1_0.password,u1_0.photo_url,u1_0.updated_at from users u1_0 where u1_0.email=?
2026-01-01 20:38:42.114 [http-nio-8080-exec-9] DEBUG [] [] org.hibernate.SQL - select r1_0.user_id,r1_0.role from user_roles r1_0 where r1_0.user_id=?
2026-01-01 20:38:42.121 [http-nio-8080-exec-9] INFO  [] [] c.m.t.s.CustomUserDetailsService - User found: User{id=4, email='ariosa@gmail.com', name='Peter Ariosa', roles=[USER], isActive=true, photoUrl='null', createdAt=2025-08-11T01:02:45, updatedAt=2025-08-11T01:02:45}
2026-01-01 20:38:42.131 [http-nio-8080-exec-9] INFO  [] [] c.m.t.s.JwtAuthenticationFilter - Authenticated user: ariosa@gmail.com
2026-01-01 20:38:42.132 [http-nio-8080-exec-9] DEBUG [] [] o.s.web.servlet.DispatcherServlet - POST "/api/story/getStoryDTO", parameters={}
2026-01-01 20:38:42.132 [http-nio-8080-exec-9] DEBUG [] [] o.s.w.s.m.m.a.RequestMappingHandlerMapping - Mapped to com.mercy.tarot.controllers.StoryController#getStoryPrompt(CardNamesRequest)
2026-01-01 20:38:42.133 [http-nio-8080-exec-9] DEBUG [] [] o.s.w.s.m.m.a.RequestResponseBodyMethodProcessor - Read "application/json;charset=UTF-8" to [CardNamesRequest{cardNames='King Of Pentacles, Ace Of Wands, Ten Of Wands'}]
2026-01-01 20:38:42.134 [http-nio-8080-exec-9] INFO  [] [] c.m.t.controllers.StoryController - Story prompt requested for cards: King Of Pentacles, Ace Of Wands, Ten Of Wands
2026-01-01 20:38:42.135 [http-nio-8080-exec-9] DEBUG [] [] c.m.t.controllers.StoryController - Parsed card names: [King Of Pentacles, Ace Of Wands, Ten Of Wands]
2026-01-01 20:38:42.138 [http-nio-8080-exec-9] DEBUG [] [] org.hibernate.SQL - select tse1_0.title,tse1_0.ally_defecits,tse1_0.ally_descriptors,tse1_0.ally_goals,tse1_0.call_to_action,tse1_0.card_name,tse1_0.climax_description,tse1_0.climax_event,tse1_0.climax_location,tse1_0.enemy_defecits,tse1_0.enemy_descriptors,tse1_0.enemy_goals,tse1_0.keywords,tse1_0.locations,tse1_0.main_character_defecits,tse1_0.main_character_descriptors,tse1_0.main_character_goals,tse1_0.moral_value,tse1_0.point_of_view,tse1_0.style,tse1_0.theme from tarotstoryelements tse1_0
2026-01-01 20:38:42.168 [http-nio-8080-exec-9] DEBUG [] [] c.m.t.controllers.StoryController - Retrieved 65 story elements from database
2026-01-01 20:38:42.169 [http-nio-8080-exec-9] WARN  [] [] c.m.t.controllers.StoryController - Found 1 story elements with null card names in database
2026-01-01 20:38:42.169 [http-nio-8080-exec-9] DEBUG [] [] c.m.t.controllers.StoryController - Processing story elements for card: Ace of Wands
2026-01-01 20:38:42.170 [http-nio-8080-exec-9] DEBUG [] [] c.m.t.controllers.StoryController - Processing story elements for card: Ten of Wands
2026-01-01 20:38:42.171 [http-nio-8080-exec-9] DEBUG [] [] c.m.t.controllers.StoryController - Processing story elements for card: King of Pentacles
2026-01-01 20:38:42.171 [http-nio-8080-exec-9] INFO  [] [] c.m.t.controllers.StoryController - Matched 3 cards from request, generating story elements
2026-01-01 20:38:42.171 [http-nio-8080-exec-9] INFO  [] [] c.m.t.controllers.StoryController - Generated complete story prompt with 19 elements for 3 matched cards
2026-01-01 20:38:42.172 [http-nio-8080-exec-9] DEBUG [] [] o.s.w.s.m.m.a.HttpEntityMethodProcessor - Using 'application/json', given [application/json, text/plain, */*] and supported [application/json, application/*+json]
2026-01-01 20:38:42.174 [http-nio-8080-exec-9] DEBUG [] [] o.s.w.s.m.m.a.HttpEntityMethodProcessor - Writing [{mainCharacterDeficit={source=Ten of Wands, storyElement=Terrified of being unneeded}, allyGoal={sou (truncated)...]
2026-01-01 20:38:42.178 [http-nio-8080-exec-9] DEBUG [] [] o.s.web.servlet.DispatcherServlet - Completed 200 OK
2026-01-01 20:38:44.471 [http-nio-8080-exec-10] DEBUG [] [] org.hibernate.SQL - select u1_0.id,u1_0.created_at,u1_0.email,u1_0.is_active,u1_0.name,u1_0.password,u1_0.photo_url,u1_0.updated_at from users u1_0 where u1_0.email=?
2026-01-01 20:38:44.482 [http-nio-8080-exec-10] DEBUG [] [] org.hibernate.SQL - select r1_0.user_id,r1_0.role from user_roles r1_0 where r1_0.user_id=?
2026-01-01 20:38:44.491 [http-nio-8080-exec-10] INFO  [] [] c.m.t.s.CustomUserDetailsService - User found: User{id=4, email='ariosa@gmail.com', name='Peter Ariosa', roles=[USER], isActive=true, photoUrl='null', createdAt=2025-08-11T01:02:45, updatedAt=2025-08-11T01:02:45}
2026-01-01 20:38:44.511 [http-nio-8080-exec-10] INFO  [] [] c.m.t.s.JwtAuthenticationFilter - Authenticated user: ariosa@gmail.com
2026-01-01 20:38:44.511 [http-nio-8080-exec-10] DEBUG [] [] o.s.web.servlet.DispatcherServlet - POST "/api/story/getStoryDTO", parameters={}
2026-01-01 20:38:44.512 [http-nio-8080-exec-10] DEBUG [] [] o.s.w.s.m.m.a.RequestMappingHandlerMapping - Mapped to com.mercy.tarot.controllers.StoryController#getStoryPrompt(CardNamesRequest)
2026-01-01 20:38:44.512 [http-nio-8080-exec-10] DEBUG [] [] o.s.w.s.m.m.a.RequestResponseBodyMethodProcessor - Read "application/json;charset=UTF-8" to [CardNamesRequest{cardNames='King Of Pentacles, Ace Of Wands, Ten Of Wands'}]
2026-01-01 20:38:44.513 [http-nio-8080-exec-10] INFO  [] [] c.m.t.controllers.StoryController - Story prompt requested for cards: King Of Pentacles, Ace Of Wands, Ten Of Wands
2026-01-01 20:38:44.513 [http-nio-8080-exec-10] DEBUG [] [] c.m.t.controllers.StoryController - Parsed card names: [King Of Pentacles, Ace Of Wands, Ten Of Wands]
2026-01-01 20:38:44.515 [http-nio-8080-exec-10] DEBUG [] [] org.hibernate.SQL - select tse1_0.title,tse1_0.ally_defecits,tse1_0.ally_descriptors,tse1_0.ally_goals,tse1_0.call_to_action,tse1_0.card_name,tse1_0.climax_description,tse1_0.climax_event,tse1_0.climax_location,tse1_0.enemy_defecits,tse1_0.enemy_descriptors,tse1_0.enemy_goals,tse1_0.keywords,tse1_0.locations,tse1_0.main_character_defecits,tse1_0.main_character_descriptors,tse1_0.main_character_goals,tse1_0.moral_value,tse1_0.point_of_view,tse1_0.style,tse1_0.theme from tarotstoryelements tse1_0
2026-01-01 20:38:44.534 [http-nio-8080-exec-10] DEBUG [] [] c.m.t.controllers.StoryController - Retrieved 65 story elements from database
2026-01-01 20:38:44.534 [http-nio-8080-exec-10] WARN  [] [] c.m.t.controllers.StoryController - Found 1 story elements with null card names in database
2026-01-01 20:38:44.534 [http-nio-8080-exec-10] DEBUG [] [] c.m.t.controllers.StoryController - Processing story elements for card: Ace of Wands
2026-01-01 20:38:44.536 [http-nio-8080-exec-10] DEBUG [] [] c.m.t.controllers.StoryController - Processing story elements for card: Ten of Wands
2026-01-01 20:38:44.537 [http-nio-8080-exec-10] DEBUG [] [] c.m.t.controllers.StoryController - Processing story elements for card: King of Pentacles
2026-01-01 20:38:44.539 [http-nio-8080-exec-10] INFO  [] [] c.m.t.controllers.StoryController - Matched 3 cards from request, generating story elements
2026-01-01 20:38:44.539 [http-nio-8080-exec-10] INFO  [] [] c.m.t.controllers.StoryController - Generated complete story prompt with 19 elements for 3 matched cards
2026-01-01 20:38:44.540 [http-nio-8080-exec-10] DEBUG [] [] o.s.w.s.m.m.a.HttpEntityMethodProcessor - Using 'application/json', given [application/json, text/plain, */*] and supported [application/json, application/*+json]
2026-01-01 20:38:44.540 [http-nio-8080-exec-10] DEBUG [] [] o.s.w.s.m.m.a.HttpEntityMethodProcessor - Writing [{mainCharacterDeficit={source=King of Pentacles, storyElement=Emotionally Repressed}, allyGoal={sour (truncated)...]
2026-01-01 20:38:44.544 [http-nio-8080-exec-10] DEBUG [] [] o.s.web.servlet.DispatcherServlet - Completed 200 OK
2026-01-01 20:39:55.751 [http-nio-8080-exec-3] DEBUG [] [] org.hibernate.SQL - select u1_0.id,u1_0.created_at,u1_0.email,u1_0.is_active,u1_0.name,u1_0.password,u1_0.photo_url,u1_0.updated_at from users u1_0 where u1_0.email=?
2026-01-01 20:39:55.755 [http-nio-8080-exec-3] DEBUG [] [] org.hibernate.SQL - select r1_0.user_id,r1_0.role from user_roles r1_0 where r1_0.user_id=?
2026-01-01 20:39:55.757 [http-nio-8080-exec-3] INFO  [] [] c.m.t.s.CustomUserDetailsService - User found: User{id=4, email='ariosa@gmail.com', name='Peter Ariosa', roles=[USER], isActive=true, photoUrl='null', createdAt=2025-08-11T01:02:45, updatedAt=2025-08-11T01:02:45}
2026-01-01 20:39:55.767 [http-nio-8080-exec-3] INFO  [] [] c.m.t.s.JwtAuthenticationFilter - Authenticated user: ariosa@gmail.com
2026-01-01 20:39:55.768 [http-nio-8080-exec-3] DEBUG [] [] o.s.web.servlet.DispatcherServlet - POST "/api/story/getStoryDTO", parameters={}
2026-01-01 20:39:55.768 [http-nio-8080-exec-3] DEBUG [] [] o.s.w.s.m.m.a.RequestMappingHandlerMapping - Mapped to com.mercy.tarot.controllers.StoryController#getStoryPrompt(CardNamesRequest)
2026-01-01 20:39:55.769 [http-nio-8080-exec-3] DEBUG [] [] o.s.w.s.m.m.a.RequestResponseBodyMethodProcessor - Read "application/json;charset=UTF-8" to [CardNamesRequest{cardNames='King Of Pentacles, Ace Of Wands, Ten Of Wands'}]
2026-01-01 20:39:55.769 [http-nio-8080-exec-3] INFO  [] [] c.m.t.controllers.StoryController - Story prompt requested for cards: King Of Pentacles, Ace Of Wands, Ten Of Wands
2026-01-01 20:39:55.769 [http-nio-8080-exec-3] DEBUG [] [] c.m.t.controllers.StoryController - Parsed card names: [King Of Pentacles, Ace Of Wands, Ten Of Wands]
2026-01-01 20:39:55.784 [http-nio-8080-exec-3] DEBUG [] [] org.hibernate.SQL - select tse1_0.title,tse1_0.ally_defecits,tse1_0.ally_descriptors,tse1_0.ally_goals,tse1_0.call_to_action,tse1_0.card_name,tse1_0.climax_description,tse1_0.climax_event,tse1_0.climax_location,tse1_0.enemy_defecits,tse1_0.enemy_descriptors,tse1_0.enemy_goals,tse1_0.keywords,tse1_0.locations,tse1_0.main_character_defecits,tse1_0.main_character_descriptors,tse1_0.main_character_goals,tse1_0.moral_value,tse1_0.point_of_view,tse1_0.style,tse1_0.theme from tarotstoryelements tse1_0
2026-01-01 20:39:55.816 [http-nio-8080-exec-3] DEBUG [] [] c.m.t.controllers.StoryController - Retrieved 65 story elements from database
2026-01-01 20:39:55.817 [http-nio-8080-exec-3] WARN  [] [] c.m.t.controllers.StoryController - Found 1 story elements with null card names in database
2026-01-01 20:39:55.817 [http-nio-8080-exec-3] DEBUG [] [] c.m.t.controllers.StoryController - Processing story elements for card: Ace of Wands
2026-01-01 20:39:55.817 [http-nio-8080-exec-3] DEBUG [] [] c.m.t.controllers.StoryController - Processing story elements for card: Ten of Wands
2026-01-01 20:39:55.817 [http-nio-8080-exec-3] DEBUG [] [] c.m.t.controllers.StoryController - Processing story elements for card: King of Pentacles
2026-01-01 20:39:55.817 [http-nio-8080-exec-3] INFO  [] [] c.m.t.controllers.StoryController - Matched 3 cards from request, generating story elements
2026-01-01 20:39:55.817 [http-nio-8080-exec-3] INFO  [] [] c.m.t.controllers.StoryController - Generated complete story prompt with 19 elements for 3 matched cards
2026-01-01 20:39:55.818 [http-nio-8080-exec-3] DEBUG [] [] o.s.w.s.m.m.a.HttpEntityMethodProcessor - Using 'application/json', given [application/json, text/plain, */*] and supported [application/json, application/*+json]
2026-01-01 20:39:55.818 [http-nio-8080-exec-3] DEBUG [] [] o.s.w.s.m.m.a.HttpEntityMethodProcessor - Writing [{mainCharacterDeficit={source=King of Pentacles, storyElement=Emotionally Repressed}, allyGoal={sour (truncated)...]
2026-01-01 20:39:55.822 [http-nio-8080-exec-3] DEBUG [] [] o.s.web.servlet.DispatcherServlet - Completed 200 OK
2026-01-01 20:40:01.078 [http-nio-8080-exec-1] DEBUG [] [] org.hibernate.SQL - select u1_0.id,u1_0.created_at,u1_0.email,u1_0.is_active,u1_0.name,u1_0.password,u1_0.photo_url,u1_0.updated_at from users u1_0 where u1_0.email=?
2026-01-01 20:40:01.083 [http-nio-8080-exec-1] DEBUG [] [] org.hibernate.SQL - select r1_0.user_id,r1_0.role from user_roles r1_0 where r1_0.user_id=?
2026-01-01 20:40:01.087 [http-nio-8080-exec-1] INFO  [] [] c.m.t.s.CustomUserDetailsService - User found: User{id=4, email='ariosa@gmail.com', name='Peter Ariosa', roles=[USER], isActive=true, photoUrl='null', createdAt=2025-08-11T01:02:45, updatedAt=2025-08-11T01:02:45}
2026-01-01 20:40:01.104 [http-nio-8080-exec-1] INFO  [] [] c.m.t.s.JwtAuthenticationFilter - Authenticated user: ariosa@gmail.com
2026-01-01 20:40:01.105 [http-nio-8080-exec-1] DEBUG [] [] o.s.web.servlet.DispatcherServlet - POST "/api/story/getStoryDTO", parameters={}
2026-01-01 20:40:01.106 [http-nio-8080-exec-1] DEBUG [] [] o.s.w.s.m.m.a.RequestMappingHandlerMapping - Mapped to com.mercy.tarot.controllers.StoryController#getStoryPrompt(CardNamesRequest)
2026-01-01 20:40:01.107 [http-nio-8080-exec-1] DEBUG [] [] o.s.w.s.m.m.a.RequestResponseBodyMethodProcessor - Read "application/json;charset=UTF-8" to [CardNamesRequest{cardNames='King Of Pentacles, Ace Of Wands, Ten Of Wands'}]
2026-01-01 20:40:01.107 [http-nio-8080-exec-1] INFO  [] [] c.m.t.controllers.StoryController - Story prompt requested for cards: King Of Pentacles, Ace Of Wands, Ten Of Wands
2026-01-01 20:40:01.108 [http-nio-8080-exec-1] DEBUG [] [] c.m.t.controllers.StoryController - Parsed card names: [King Of Pentacles, Ace Of Wands, Ten Of Wands]
2026-01-01 20:40:01.112 [http-nio-8080-exec-1] DEBUG [] [] org.hibernate.SQL - select tse1_0.title,tse1_0.ally_defecits,tse1_0.ally_descriptors,tse1_0.ally_goals,tse1_0.call_to_action,tse1_0.card_name,tse1_0.climax_description,tse1_0.climax_event,tse1_0.climax_location,tse1_0.enemy_defecits,tse1_0.enemy_descriptors,tse1_0.enemy_goals,tse1_0.keywords,tse1_0.locations,tse1_0.main_character_defecits,tse1_0.main_character_descriptors,tse1_0.main_character_goals,tse1_0.moral_value,tse1_0.point_of_view,tse1_0.style,tse1_0.theme from tarotstoryelements tse1_0
2026-01-01 20:40:01.155 [http-nio-8080-exec-1] DEBUG [] [] c.m.t.controllers.StoryController - Retrieved 65 story elements from database
2026-01-01 20:40:01.155 [http-nio-8080-exec-1] WARN  [] [] c.m.t.controllers.StoryController - Found 1 story elements with null card names in database
2026-01-01 20:40:01.155 [http-nio-8080-exec-1] DEBUG [] [] c.m.t.controllers.StoryController - Processing story elements for card: Ace of Wands
2026-01-01 20:40:01.156 [http-nio-8080-exec-1] DEBUG [] [] c.m.t.controllers.StoryController - Processing story elements for card: Ten of Wands
2026-01-01 20:40:01.156 [http-nio-8080-exec-1] DEBUG [] [] c.m.t.controllers.StoryController - Processing story elements for card: King of Pentacles
2026-01-01 20:40:01.156 [http-nio-8080-exec-1] INFO  [] [] c.m.t.controllers.StoryController - Matched 3 cards from request, generating story elements
2026-01-01 20:40:01.157 [http-nio-8080-exec-1] INFO  [] [] c.m.t.controllers.StoryController - Generated complete story prompt with 19 elements for 3 matched cards
2026-01-01 20:40:01.158 [http-nio-8080-exec-1] DEBUG [] [] o.s.w.s.m.m.a.HttpEntityMethodProcessor - Using 'application/json', given [application/json, text/plain, */*] and supported [application/json, application/*+json]
2026-01-01 20:40:01.158 [http-nio-8080-exec-1] DEBUG [] [] o.s.w.s.m.m.a.HttpEntityMethodProcessor - Writing [{mainCharacterDeficit={source=Ace of Wands, storyElement=Confuses justice with theater}, allyGoal={s (truncated)...]
2026-01-01 20:40:01.160 [http-nio-8080-exec-1] DEBUG [] [] o.s.web.servlet.DispatcherServlet - Completed 200 OK
2026-01-01 20:40:10.774 [http-nio-8080-exec-5] DEBUG [] [] org.hibernate.SQL - select u1_0.id,u1_0.created_at,u1_0.email,u1_0.is_active,u1_0.name,u1_0.password,u1_0.photo_url,u1_0.updated_at from users u1_0 where u1_0.email=?
2026-01-01 20:40:10.779 [http-nio-8080-exec-5] DEBUG [] [] org.hibernate.SQL - select r1_0.user_id,r1_0.role from user_roles r1_0 where r1_0.user_id=?
2026-01-01 20:40:10.781 [http-nio-8080-exec-5] INFO  [] [] c.m.t.s.CustomUserDetailsService - User found: User{id=4, email='ariosa@gmail.com', name='Peter Ariosa', roles=[USER], isActive=true, photoUrl='null', createdAt=2025-08-11T01:02:45, updatedAt=2025-08-11T01:02:45}
2026-01-01 20:40:10.790 [http-nio-8080-exec-5] INFO  [] [] c.m.t.s.JwtAuthenticationFilter - Authenticated user: ariosa@gmail.com
2026-01-01 20:40:10.791 [http-nio-8080-exec-5] DEBUG [] [] o.s.web.servlet.DispatcherServlet - POST "/api/story/getStoryDTO", parameters={}
2026-01-01 20:40:10.791 [http-nio-8080-exec-5] DEBUG [] [] o.s.w.s.m.m.a.RequestMappingHandlerMapping - Mapped to com.mercy.tarot.controllers.StoryController#getStoryPrompt(CardNamesRequest)
2026-01-01 20:40:10.792 [http-nio-8080-exec-5] DEBUG [] [] o.s.w.s.m.m.a.RequestResponseBodyMethodProcessor - Read "application/json;charset=UTF-8" to [CardNamesRequest{cardNames='King Of Pentacles, Ace Of Wands, Ten Of Wands'}]
2026-01-01 20:40:10.798 [http-nio-8080-exec-5] INFO  [] [] c.m.t.controllers.StoryController - Story prompt requested for cards: King Of Pentacles, Ace Of Wands, Ten Of Wands
2026-01-01 20:40:10.798 [http-nio-8080-exec-5] DEBUG [] [] c.m.t.controllers.StoryController - Parsed card names: [King Of Pentacles, Ace Of Wands, Ten Of Wands]
2026-01-01 20:40:10.800 [http-nio-8080-exec-5] DEBUG [] [] org.hibernate.SQL - select tse1_0.title,tse1_0.ally_defecits,tse1_0.ally_descriptors,tse1_0.ally_goals,tse1_0.call_to_action,tse1_0.card_name,tse1_0.climax_description,tse1_0.climax_event,tse1_0.climax_location,tse1_0.enemy_defecits,tse1_0.enemy_descriptors,tse1_0.enemy_goals,tse1_0.keywords,tse1_0.locations,tse1_0.main_character_defecits,tse1_0.main_character_descriptors,tse1_0.main_character_goals,tse1_0.moral_value,tse1_0.point_of_view,tse1_0.style,tse1_0.theme from tarotstoryelements tse1_0
2026-01-01 20:40:10.812 [http-nio-8080-exec-5] DEBUG [] [] c.m.t.controllers.StoryController - Retrieved 65 story elements from database
2026-01-01 20:40:10.817 [http-nio-8080-exec-5] WARN  [] [] c.m.t.controllers.StoryController - Found 1 story elements with null card names in database
2026-01-01 20:40:10.817 [http-nio-8080-exec-5] DEBUG [] [] c.m.t.controllers.StoryController - Processing story elements for card: Ace of Wands
2026-01-01 20:40:10.819 [http-nio-8080-exec-5] DEBUG [] [] c.m.t.controllers.StoryController - Processing story elements for card: Ten of Wands
2026-01-01 20:40:10.819 [http-nio-8080-exec-5] DEBUG [] [] c.m.t.controllers.StoryController - Processing story elements for card: King of Pentacles
2026-01-01 20:40:10.820 [http-nio-8080-exec-5] INFO  [] [] c.m.t.controllers.StoryController - Matched 3 cards from request, generating story elements
2026-01-01 20:40:10.820 [http-nio-8080-exec-5] INFO  [] [] c.m.t.controllers.StoryController - Generated complete story prompt with 19 elements for 3 matched cards
2026-01-01 20:40:10.821 [http-nio-8080-exec-5] DEBUG [] [] o.s.w.s.m.m.a.HttpEntityMethodProcessor - Using 'application/json', given [application/json, text/plain, */*] and supported [application/json, application/*+json]
2026-01-01 20:40:10.821 [http-nio-8080-exec-5] DEBUG [] [] o.s.w.s.m.m.a.HttpEntityMethodProcessor - Writing [{mainCharacterDeficit={source=Ace of Wands, storyElement=Addicted to the game}, allyGoal={source=Ten (truncated)...]
2026-01-01 20:40:10.822 [http-nio-8080-exec-5] DEBUG [] [] o.s.web.servlet.DispatcherServlet - Completed 200 OK
2026-01-01 20:40:12.149 [http-nio-8080-exec-4] DEBUG [] [] org.hibernate.SQL - select u1_0.id,u1_0.created_at,u1_0.email,u1_0.is_active,u1_0.name,u1_0.password,u1_0.photo_url,u1_0.updated_at from users u1_0 where u1_0.email=?
2026-01-01 20:40:12.151 [http-nio-8080-exec-4] DEBUG [] [] org.hibernate.SQL - select r1_0.user_id,r1_0.role from user_roles r1_0 where r1_0.user_id=?
2026-01-01 20:40:12.153 [http-nio-8080-exec-4] INFO  [] [] c.m.t.s.CustomUserDetailsService - User found: User{id=4, email='ariosa@gmail.com', name='Peter Ariosa', roles=[USER], isActive=true, photoUrl='null', createdAt=2025-08-11T01:02:45, updatedAt=2025-08-11T01:02:45}
2026-01-01 20:40:12.167 [http-nio-8080-exec-4] INFO  [] [] c.m.t.s.JwtAuthenticationFilter - Authenticated user: ariosa@gmail.com
2026-01-01 20:40:12.168 [http-nio-8080-exec-4] DEBUG [] [] o.s.web.servlet.DispatcherServlet - POST "/api/story/getStoryDTO", parameters={}
2026-01-01 20:40:12.168 [http-nio-8080-exec-4] DEBUG [] [] o.s.w.s.m.m.a.RequestMappingHandlerMapping - Mapped to com.mercy.tarot.controllers.StoryController#getStoryPrompt(CardNamesRequest)
2026-01-01 20:40:12.171 [http-nio-8080-exec-4] DEBUG [] [] o.s.w.s.m.m.a.RequestResponseBodyMethodProcessor - Read "application/json;charset=UTF-8" to [CardNamesRequest{cardNames='King Of Pentacles, Ace Of Wands, Ten Of Wands'}]
2026-01-01 20:40:12.172 [http-nio-8080-exec-4] INFO  [] [] c.m.t.controllers.StoryController - Story prompt requested for cards: King Of Pentacles, Ace Of Wands, Ten Of Wands
2026-01-01 20:40:12.172 [http-nio-8080-exec-4] DEBUG [] [] c.m.t.controllers.StoryController - Parsed card names: [King Of Pentacles, Ace Of Wands, Ten Of Wands]
2026-01-01 20:40:12.177 [http-nio-8080-exec-4] DEBUG [] [] org.hibernate.SQL - select tse1_0.title,tse1_0.ally_defecits,tse1_0.ally_descriptors,tse1_0.ally_goals,tse1_0.call_to_action,tse1_0.card_name,tse1_0.climax_description,tse1_0.climax_event,tse1_0.climax_location,tse1_0.enemy_defecits,tse1_0.enemy_descriptors,tse1_0.enemy_goals,tse1_0.keywords,tse1_0.locations,tse1_0.main_character_defecits,tse1_0.main_character_descriptors,tse1_0.main_character_goals,tse1_0.moral_value,tse1_0.point_of_view,tse1_0.style,tse1_0.theme from tarotstoryelements tse1_0
2026-01-01 20:40:12.216 [http-nio-8080-exec-4] DEBUG [] [] c.m.t.controllers.StoryController - Retrieved 65 story elements from database
2026-01-01 20:40:12.216 [http-nio-8080-exec-4] WARN  [] [] c.m.t.controllers.StoryController - Found 1 story elements with null card names in database
2026-01-01 20:40:12.216 [http-nio-8080-exec-4] DEBUG [] [] c.m.t.controllers.StoryController - Processing story elements for card: Ace of Wands
2026-01-01 20:40:12.218 [http-nio-8080-exec-4] DEBUG [] [] c.m.t.controllers.StoryController - Processing story elements for card: Ten of Wands
2026-01-01 20:40:12.220 [http-nio-8080-exec-4] DEBUG [] [] c.m.t.controllers.StoryController - Processing story elements for card: King of Pentacles
2026-01-01 20:40:12.223 [http-nio-8080-exec-4] INFO  [] [] c.m.t.controllers.StoryController - Matched 3 cards from request, generating story elements
2026-01-01 20:40:12.225 [http-nio-8080-exec-4] INFO  [] [] c.m.t.controllers.StoryController - Generated complete story prompt with 19 elements for 3 matched cards
2026-01-01 20:40:12.226 [http-nio-8080-exec-4] DEBUG [] [] o.s.w.s.m.m.a.HttpEntityMethodProcessor - Using 'application/json', given [application/json, text/plain, */*] and supported [application/json, application/*+json]
2026-01-01 20:40:12.227 [http-nio-8080-exec-4] DEBUG [] [] o.s.w.s.m.m.a.HttpEntityMethodProcessor - Writing [{mainCharacterDeficit={source=Ten of Wands, storyElement=Forgets why they carry}, allyGoal={source=A (truncated)...]
2026-01-01 20:40:12.229 [http-nio-8080-exec-4] DEBUG [] [] o.s.web.servlet.DispatcherServlet - Completed 200 OK
2026-01-01 20:42:15.080 [http-nio-8080-exec-7] DEBUG [] [] org.hibernate.SQL - select u1_0.id,u1_0.created_at,u1_0.email,u1_0.is_active,u1_0.name,u1_0.password,u1_0.photo_url,u1_0.updated_at from users u1_0 where u1_0.email=?
2026-01-01 20:42:15.110 [http-nio-8080-exec-7] DEBUG [] [] org.hibernate.SQL - select r1_0.user_id,r1_0.role from user_roles r1_0 where r1_0.user_id=?
2026-01-01 20:42:15.115 [http-nio-8080-exec-7] INFO  [] [] c.m.t.s.CustomUserDetailsService - User found: User{id=4, email='ariosa@gmail.com', name='Peter Ariosa', roles=[USER], isActive=true, photoUrl='null', createdAt=2025-08-11T01:02:45, updatedAt=2025-08-11T01:02:45}
2026-01-01 20:42:15.158 [http-nio-8080-exec-7] INFO  [] [] c.m.t.s.JwtAuthenticationFilter - Authenticated user: ariosa@gmail.com
2026-01-01 20:42:15.159 [http-nio-8080-exec-7] DEBUG [] [] o.s.web.servlet.DispatcherServlet - POST "/api/story/getStoryDTO", parameters={}
2026-01-01 20:42:15.160 [http-nio-8080-exec-7] DEBUG [] [] o.s.w.s.m.m.a.RequestMappingHandlerMapping - Mapped to com.mercy.tarot.controllers.StoryController#getStoryPrompt(CardNamesRequest)
2026-01-01 20:42:15.165 [http-nio-8080-exec-7] DEBUG [] [] o.s.w.s.m.m.a.RequestResponseBodyMethodProcessor - Read "application/json;charset=UTF-8" to [CardNamesRequest{cardNames='King Of Pentacles, Ace Of Wands, Ten Of Wands'}]
2026-01-01 20:42:15.172 [http-nio-8080-exec-7] INFO  [] [] c.m.t.controllers.StoryController - Story prompt requested for cards: King Of Pentacles, Ace Of Wands, Ten Of Wands
2026-01-01 20:42:15.173 [http-nio-8080-exec-7] DEBUG [] [] c.m.t.controllers.StoryController - Parsed card names: [King Of Pentacles, Ace Of Wands, Ten Of Wands]
2026-01-01 20:42:15.177 [http-nio-8080-exec-7] DEBUG [] [] org.hibernate.SQL - select tse1_0.title,tse1_0.ally_defecits,tse1_0.ally_descriptors,tse1_0.ally_goals,tse1_0.call_to_action,tse1_0.card_name,tse1_0.climax_description,tse1_0.climax_event,tse1_0.climax_location,tse1_0.enemy_defecits,tse1_0.enemy_descriptors,tse1_0.enemy_goals,tse1_0.keywords,tse1_0.locations,tse1_0.main_character_defecits,tse1_0.main_character_descriptors,tse1_0.main_character_goals,tse1_0.moral_value,tse1_0.point_of_view,tse1_0.style,tse1_0.theme from tarotstoryelements tse1_0
2026-01-01 20:42:15.209 [http-nio-8080-exec-7] DEBUG [] [] c.m.t.controllers.StoryController - Retrieved 65 story elements from database
2026-01-01 20:42:15.209 [http-nio-8080-exec-7] WARN  [] [] c.m.t.controllers.StoryController - Found 1 story elements with null card names in database
2026-01-01 20:42:15.209 [http-nio-8080-exec-7] DEBUG [] [] c.m.t.controllers.StoryController - Processing story elements for card: Ace of Wands
2026-01-01 20:42:15.210 [http-nio-8080-exec-7] DEBUG [] [] c.m.t.controllers.StoryController - Processing story elements for card: Ten of Wands
2026-01-01 20:42:15.211 [http-nio-8080-exec-7] DEBUG [] [] c.m.t.controllers.StoryController - Processing story elements for card: King of Pentacles
2026-01-01 20:42:15.211 [http-nio-8080-exec-7] INFO  [] [] c.m.t.controllers.StoryController - Matched 3 cards from request, generating story elements
2026-01-01 20:42:15.211 [http-nio-8080-exec-7] INFO  [] [] c.m.t.controllers.StoryController - Generated complete story prompt with 19 elements for 3 matched cards
2026-01-01 20:42:15.214 [http-nio-8080-exec-7] DEBUG [] [] o.s.w.s.m.m.a.HttpEntityMethodProcessor - Using 'application/json', given [application/json, text/plain, */*] and supported [application/json, application/*+json]
2026-01-01 20:42:15.215 [http-nio-8080-exec-7] DEBUG [] [] o.s.w.s.m.m.a.HttpEntityMethodProcessor - Writing [{mainCharacterDeficit={source=Ace of Wands, storyElement=Confuses justice with theater}, allyGoal={s (truncated)...]
2026-01-01 20:42:15.218 [http-nio-8080-exec-7] DEBUG [] [] o.s.web.servlet.DispatcherServlet - Completed 200 OK
2026-01-01 20:42:17.880 [http-nio-8080-exec-8] DEBUG [] [] org.hibernate.SQL - select u1_0.id,u1_0.created_at,u1_0.email,u1_0.is_active,u1_0.name,u1_0.password,u1_0.photo_url,u1_0.updated_at from users u1_0 where u1_0.email=?
2026-01-01 20:42:17.882 [http-nio-8080-exec-8] DEBUG [] [] org.hibernate.SQL - select r1_0.user_id,r1_0.role from user_roles r1_0 where r1_0.user_id=?
2026-01-01 20:42:17.884 [http-nio-8080-exec-8] INFO  [] [] c.m.t.s.CustomUserDetailsService - User found: User{id=4, email='ariosa@gmail.com', name='Peter Ariosa', roles=[USER], isActive=true, photoUrl='null', createdAt=2025-08-11T01:02:45, updatedAt=2025-08-11T01:02:45}
2026-01-01 20:42:17.899 [http-nio-8080-exec-8] INFO  [] [] c.m.t.s.JwtAuthenticationFilter - Authenticated user: ariosa@gmail.com
2026-01-01 20:42:17.900 [http-nio-8080-exec-8] DEBUG [] [] o.s.web.servlet.DispatcherServlet - GET "/api/spread/parallel/weighted/3", parameters={}
2026-01-01 20:42:17.900 [http-nio-8080-exec-8] DEBUG [] [] o.s.w.s.m.m.a.RequestMappingHandlerMapping - Mapped to com.mercy.tarot.controllers.CardController#getSpreadParallelWeighted(int)
2026-01-01 20:42:17.902 [http-nio-8080-exec-8] INFO  [] [] c.m.tarot.controllers.CardController - Weighted card spread with parallel shuffle requested for 3 cards
2026-01-01 20:42:17.903 [http-nio-8080-exec-8] DEBUG [] [] c.m.tarot.controllers.CardController - Getting 3 random cards with weighted reversal using parallel shuffle
2026-01-01 20:42:17.905 [http-nio-8080-exec-8] DEBUG [] [] org.hibernate.SQL - select c1_0.id,c1_0.card_description,c1_0.card_value,c1_0.major,c1_0.reversed_description,c1_0.story,c1_0.suit,c1_0.title from card c1_0
2026-01-01 20:42:17.922 [http-nio-8080-exec-8] DEBUG [] [] c.m.tarot.controllers.CardController - Retrieved 78 total cards from repository for parallel weighted shuffle
2026-01-01 20:42:17.922 [http-nio-8080-exec-8] DEBUG [] [] c.m.tarot.controllers.CardController - Starting parallel shuffle for 78 cards
2026-01-01 20:42:17.922 [http-nio-8080-exec-8] DEBUG [] [] c.m.tarot.controllers.CardController - Using 8 threads with segment size: 9
2026-01-01 20:42:17.925 [http-nio-8080-exec-8] DEBUG [] [] c.m.tarot.controllers.CardController - Parallel shuffle completed in 3ms for 78 cards
2026-01-01 20:42:17.925 [http-nio-8080-exec-8] DEBUG [] [] c.m.tarot.controllers.CardController - Selecting 3 cards with parallel weighted reversal (requested: 3, available: 78)
2026-01-01 20:42:17.925 [http-nio-8080-exec-8] INFO  [] [] c.m.tarot.controllers.CardController - Successfully generated 3 weighted reversal cards using parallel shuffle
2026-01-01 20:42:17.926 [http-nio-8080-exec-8] INFO  [] [] c.m.tarot.controllers.CardController - Weighted card spread with parallel shuffle completed - 3 cards drawn
2026-01-01 20:42:17.926 [http-nio-8080-exec-8] DEBUG [] [] o.s.w.s.m.m.a.RequestResponseBodyMethodProcessor - Using 'application/json', given [application/json, text/plain, */*] and supported [application/json, application/*+json]
2026-01-01 20:42:17.926 [http-nio-8080-exec-8] DEBUG [] [] o.s.w.s.m.m.a.RequestResponseBodyMethodProcessor - Writing [[com.mercy.tarot.dto.CardDTO@6dd7960d, com.mercy.tarot.dto.CardDTO@1a95eecc, com.mercy.tarot.dto.Car (truncated)...]
2026-01-01 20:42:17.928 [http-nio-8080-exec-8] DEBUG [] [] o.s.web.servlet.DispatcherServlet - Completed 200 OK
2026-01-01 20:42:24.674 [http-nio-8080-exec-9] DEBUG [] [] org.hibernate.SQL - select u1_0.id,u1_0.created_at,u1_0.email,u1_0.is_active,u1_0.name,u1_0.password,u1_0.photo_url,u1_0.updated_at from users u1_0 where u1_0.email=?
2026-01-01 20:42:24.678 [http-nio-8080-exec-9] DEBUG [] [] org.hibernate.SQL - select r1_0.user_id,r1_0.role from user_roles r1_0 where r1_0.user_id=?
2026-01-01 20:42:24.681 [http-nio-8080-exec-9] INFO  [] [] c.m.t.s.CustomUserDetailsService - User found: User{id=4, email='ariosa@gmail.com', name='Peter Ariosa', roles=[USER], isActive=true, photoUrl='null', createdAt=2025-08-11T01:02:45, updatedAt=2025-08-11T01:02:45}
2026-01-01 20:42:24.699 [http-nio-8080-exec-9] INFO  [] [] c.m.t.s.JwtAuthenticationFilter - Authenticated user: ariosa@gmail.com
2026-01-01 20:42:24.700 [http-nio-8080-exec-9] DEBUG [] [] o.s.web.servlet.DispatcherServlet - POST "/api/story/getStoryDTO", parameters={}
2026-01-01 20:42:24.701 [http-nio-8080-exec-9] DEBUG [] [] o.s.w.s.m.m.a.RequestMappingHandlerMapping - Mapped to com.mercy.tarot.controllers.StoryController#getStoryPrompt(CardNamesRequest)
2026-01-01 20:42:24.702 [http-nio-8080-exec-9] DEBUG [] [] o.s.w.s.m.m.a.RequestResponseBodyMethodProcessor - Read "application/json;charset=UTF-8" to [CardNamesRequest{cardNames='King Of Wands, Seven Of Cups, The Chariot'}]
2026-01-01 20:42:24.702 [http-nio-8080-exec-9] INFO  [] [] c.m.t.controllers.StoryController - Story prompt requested for cards: King Of Wands, Seven Of Cups, The Chariot
2026-01-01 20:42:24.702 [http-nio-8080-exec-9] DEBUG [] [] c.m.t.controllers.StoryController - Parsed card names: [King Of Wands, Seven Of Cups, The Chariot]
2026-01-01 20:42:24.704 [http-nio-8080-exec-9] DEBUG [] [] org.hibernate.SQL - select tse1_0.title,tse1_0.ally_defecits,tse1_0.ally_descriptors,tse1_0.ally_goals,tse1_0.call_to_action,tse1_0.card_name,tse1_0.climax_description,tse1_0.climax_event,tse1_0.climax_location,tse1_0.enemy_defecits,tse1_0.enemy_descriptors,tse1_0.enemy_goals,tse1_0.keywords,tse1_0.locations,tse1_0.main_character_defecits,tse1_0.main_character_descriptors,tse1_0.main_character_goals,tse1_0.moral_value,tse1_0.point_of_view,tse1_0.style,tse1_0.theme from tarotstoryelements tse1_0
2026-01-01 20:42:24.718 [http-nio-8080-exec-9] DEBUG [] [] c.m.t.controllers.StoryController - Retrieved 65 story elements from database
2026-01-01 20:42:24.718 [http-nio-8080-exec-9] WARN  [] [] c.m.t.controllers.StoryController - Found 1 story elements with null card names in database
2026-01-01 20:42:24.718 [http-nio-8080-exec-9] DEBUG [] [] c.m.t.controllers.StoryController - Processing story elements for card: King of Wands
2026-01-01 20:42:24.718 [http-nio-8080-exec-9] DEBUG [] [] c.m.t.controllers.StoryController - Processing story elements for card: The Chariot
2026-01-01 20:42:24.719 [http-nio-8080-exec-9] INFO  [] [] c.m.t.controllers.StoryController - Matched 2 cards from request, generating story elements
2026-01-01 20:42:24.720 [http-nio-8080-exec-9] INFO  [] [] c.m.t.controllers.StoryController - Generated complete story prompt with 19 elements for 2 matched cards
2026-01-01 20:42:24.722 [http-nio-8080-exec-9] DEBUG [] [] o.s.w.s.m.m.a.HttpEntityMethodProcessor - Using 'application/json', given [application/json, text/plain, */*] and supported [application/json, application/*+json]
2026-01-01 20:42:24.722 [http-nio-8080-exec-9] DEBUG [] [] o.s.w.s.m.m.a.HttpEntityMethodProcessor - Writing [{mainCharacterDeficit={source=The Chariot, storyElement=Reluctant to rely on others}, allyGoal={sour (truncated)...]
2026-01-01 20:42:24.724 [http-nio-8080-exec-9] DEBUG [] [] o.s.web.servlet.DispatcherServlet - Completed 200 OK
2026-01-01 20:43:13.770 [http-nio-8080-exec-10] DEBUG [] [] org.hibernate.SQL - select u1_0.id,u1_0.created_at,u1_0.email,u1_0.is_active,u1_0.name,u1_0.password,u1_0.photo_url,u1_0.updated_at from users u1_0 where u1_0.email=?
2026-01-01 20:43:13.776 [http-nio-8080-exec-10] DEBUG [] [] org.hibernate.SQL - select r1_0.user_id,r1_0.role from user_roles r1_0 where r1_0.user_id=?
2026-01-01 20:43:13.777 [http-nio-8080-exec-10] INFO  [] [] c.m.t.s.CustomUserDetailsService - User found: User{id=4, email='ariosa@gmail.com', name='Peter Ariosa', roles=[USER], isActive=true, photoUrl='null', createdAt=2025-08-11T01:02:45, updatedAt=2025-08-11T01:02:45}
2026-01-01 20:43:13.817 [http-nio-8080-exec-10] INFO  [] [] c.m.t.s.JwtAuthenticationFilter - Authenticated user: ariosa@gmail.com
2026-01-01 20:43:13.819 [http-nio-8080-exec-10] DEBUG [] [] o.s.web.servlet.DispatcherServlet - POST "/api/story/getStoryDTO", parameters={}
2026-01-01 20:43:13.819 [http-nio-8080-exec-10] DEBUG [] [] o.s.w.s.m.m.a.RequestMappingHandlerMapping - Mapped to com.mercy.tarot.controllers.StoryController#getStoryPrompt(CardNamesRequest)
2026-01-01 20:43:13.821 [http-nio-8080-exec-10] DEBUG [] [] o.s.w.s.m.m.a.RequestResponseBodyMethodProcessor - Read "application/json;charset=UTF-8" to [CardNamesRequest{cardNames='King Of Wands, Seven Of Cups, The Chariot'}]
2026-01-01 20:43:13.822 [http-nio-8080-exec-10] INFO  [] [] c.m.t.controllers.StoryController - Story prompt requested for cards: King Of Wands, Seven Of Cups, The Chariot
2026-01-01 20:43:13.822 [http-nio-8080-exec-10] DEBUG [] [] c.m.t.controllers.StoryController - Parsed card names: [King Of Wands, Seven Of Cups, The Chariot]
2026-01-01 20:43:13.834 [http-nio-8080-exec-10] DEBUG [] [] org.hibernate.SQL - select tse1_0.title,tse1_0.ally_defecits,tse1_0.ally_descriptors,tse1_0.ally_goals,tse1_0.call_to_action,tse1_0.card_name,tse1_0.climax_description,tse1_0.climax_event,tse1_0.climax_location,tse1_0.enemy_defecits,tse1_0.enemy_descriptors,tse1_0.enemy_goals,tse1_0.keywords,tse1_0.locations,tse1_0.main_character_defecits,tse1_0.main_character_descriptors,tse1_0.main_character_goals,tse1_0.moral_value,tse1_0.point_of_view,tse1_0.style,tse1_0.theme from tarotstoryelements tse1_0
2026-01-01 20:43:13.874 [http-nio-8080-exec-10] DEBUG [] [] c.m.t.controllers.StoryController - Retrieved 65 story elements from database
2026-01-01 20:43:13.874 [http-nio-8080-exec-10] WARN  [] [] c.m.t.controllers.StoryController - Found 1 story elements with null card names in database
2026-01-01 20:43:13.875 [http-nio-8080-exec-10] DEBUG [] [] c.m.t.controllers.StoryController - Processing story elements for card: King of Wands
2026-01-01 20:43:13.875 [http-nio-8080-exec-10] DEBUG [] [] c.m.t.controllers.StoryController - Processing story elements for card: The Chariot
2026-01-01 20:43:13.877 [http-nio-8080-exec-10] INFO  [] [] c.m.t.controllers.StoryController - Matched 2 cards from request, generating story elements
2026-01-01 20:43:13.877 [http-nio-8080-exec-10] INFO  [] [] c.m.t.controllers.StoryController - Generated complete story prompt with 19 elements for 2 matched cards
2026-01-01 20:43:13.878 [http-nio-8080-exec-10] DEBUG [] [] o.s.w.s.m.m.a.HttpEntityMethodProcessor - Using 'application/json', given [application/json, text/plain, */*] and supported [application/json, application/*+json]
2026-01-01 20:43:13.878 [http-nio-8080-exec-10] DEBUG [] [] o.s.w.s.m.m.a.HttpEntityMethodProcessor - Writing [{mainCharacterDeficit={source=The Chariot, storyElement=Prone to burnout}, allyGoal={source=King of  (truncated)...]
2026-01-01 20:43:13.881 [http-nio-8080-exec-10] DEBUG [] [] o.s.web.servlet.DispatcherServlet - Completed 200 OK
2026-01-01 20:43:14.480 [http-nio-8080-exec-2] DEBUG [] [] org.hibernate.SQL - select u1_0.id,u1_0.created_at,u1_0.email,u1_0.is_active,u1_0.name,u1_0.password,u1_0.photo_url,u1_0.updated_at from users u1_0 where u1_0.email=?
2026-01-01 20:43:14.481 [http-nio-8080-exec-2] DEBUG [] [] org.hibernate.SQL - select r1_0.user_id,r1_0.role from user_roles r1_0 where r1_0.user_id=?
2026-01-01 20:43:14.483 [http-nio-8080-exec-2] INFO  [] [] c.m.t.s.CustomUserDetailsService - User found: User{id=4, email='ariosa@gmail.com', name='Peter Ariosa', roles=[USER], isActive=true, photoUrl='null', createdAt=2025-08-11T01:02:45, updatedAt=2025-08-11T01:02:45}
2026-01-01 20:43:14.505 [http-nio-8080-exec-2] INFO  [] [] c.m.t.s.JwtAuthenticationFilter - Authenticated user: ariosa@gmail.com
2026-01-01 20:43:14.505 [http-nio-8080-exec-2] DEBUG [] [] o.s.web.servlet.DispatcherServlet - POST "/api/story/getStoryDTO", parameters={}
2026-01-01 20:43:14.506 [http-nio-8080-exec-2] DEBUG [] [] o.s.w.s.m.m.a.RequestMappingHandlerMapping - Mapped to com.mercy.tarot.controllers.StoryController#getStoryPrompt(CardNamesRequest)
2026-01-01 20:43:14.509 [http-nio-8080-exec-2] DEBUG [] [] o.s.w.s.m.m.a.RequestResponseBodyMethodProcessor - Read "application/json;charset=UTF-8" to [CardNamesRequest{cardNames='King Of Wands, Seven Of Cups, The Chariot'}]
2026-01-01 20:43:14.509 [http-nio-8080-exec-2] INFO  [] [] c.m.t.controllers.StoryController - Story prompt requested for cards: King Of Wands, Seven Of Cups, The Chariot
2026-01-01 20:43:14.510 [http-nio-8080-exec-2] DEBUG [] [] c.m.t.controllers.StoryController - Parsed card names: [King Of Wands, Seven Of Cups, The Chariot]
2026-01-01 20:43:14.514 [http-nio-8080-exec-2] DEBUG [] [] org.hibernate.SQL - select tse1_0.title,tse1_0.ally_defecits,tse1_0.ally_descriptors,tse1_0.ally_goals,tse1_0.call_to_action,tse1_0.card_name,tse1_0.climax_description,tse1_0.climax_event,tse1_0.climax_location,tse1_0.enemy_defecits,tse1_0.enemy_descriptors,tse1_0.enemy_goals,tse1_0.keywords,tse1_0.locations,tse1_0.main_character_defecits,tse1_0.main_character_descriptors,tse1_0.main_character_goals,tse1_0.moral_value,tse1_0.point_of_view,tse1_0.style,tse1_0.theme from tarotstoryelements tse1_0
2026-01-01 20:43:14.531 [http-nio-8080-exec-2] DEBUG [] [] c.m.t.controllers.StoryController - Retrieved 65 story elements from database
2026-01-01 20:43:14.532 [http-nio-8080-exec-2] WARN  [] [] c.m.t.controllers.StoryController - Found 1 story elements with null card names in database
2026-01-01 20:43:14.532 [http-nio-8080-exec-2] DEBUG [] [] c.m.t.controllers.StoryController - Processing story elements for card: King of Wands
2026-01-01 20:43:14.533 [http-nio-8080-exec-2] DEBUG [] [] c.m.t.controllers.StoryController - Processing story elements for card: The Chariot
2026-01-01 20:43:14.533 [http-nio-8080-exec-2] INFO  [] [] c.m.t.controllers.StoryController - Matched 2 cards from request, generating story elements
2026-01-01 20:43:14.533 [http-nio-8080-exec-2] INFO  [] [] c.m.t.controllers.StoryController - Generated complete story prompt with 19 elements for 2 matched cards
2026-01-01 20:43:14.535 [http-nio-8080-exec-2] DEBUG [] [] o.s.w.s.m.m.a.HttpEntityMethodProcessor - Using 'application/json', given [application/json, text/plain, */*] and supported [application/json, application/*+json]
2026-01-01 20:43:14.537 [http-nio-8080-exec-2] DEBUG [] [] o.s.w.s.m.m.a.HttpEntityMethodProcessor - Writing [{mainCharacterDeficit={source=King of Wands, storyElement=Confuses sacrifice for purpose}, allyGoal= (truncated)...]
2026-01-01 20:43:14.538 [http-nio-8080-exec-2] DEBUG [] [] o.s.web.servlet.DispatcherServlet - Completed 200 OK
2026-01-01 20:44:17.970 [http-nio-8080-exec-4] DEBUG [] [] org.hibernate.SQL - select u1_0.id,u1_0.created_at,u1_0.email,u1_0.is_active,u1_0.name,u1_0.password,u1_0.photo_url,u1_0.updated_at from users u1_0 where u1_0.email=?
2026-01-01 20:44:17.991 [http-nio-8080-exec-4] DEBUG [] [] org.hibernate.SQL - select r1_0.user_id,r1_0.role from user_roles r1_0 where r1_0.user_id=?
2026-01-01 20:44:17.993 [http-nio-8080-exec-4] INFO  [] [] c.m.t.s.CustomUserDetailsService - User found: User{id=4, email='ariosa@gmail.com', name='Peter Ariosa', roles=[USER], isActive=true, photoUrl='null', createdAt=2025-08-11T01:02:45, updatedAt=2025-08-11T01:02:45}
2026-01-01 20:44:18.003 [http-nio-8080-exec-4] INFO  [] [] c.m.t.s.JwtAuthenticationFilter - Authenticated user: ariosa@gmail.com
2026-01-01 20:44:18.004 [http-nio-8080-exec-4] DEBUG [] [] o.s.web.servlet.DispatcherServlet - GET "/api/draw", parameters={}
2026-01-01 20:44:18.004 [http-nio-8080-exec-4] DEBUG [] [] o.s.w.s.m.m.a.RequestMappingHandlerMapping - Mapped to com.mercy.tarot.controllers.CardController#draw()
2026-01-01 20:44:18.022 [http-nio-8080-exec-4] INFO  [] [] c.m.tarot.controllers.CardController - Single card draw requested
2026-01-01 20:44:18.023 [http-nio-8080-exec-4] DEBUG [] [] c.m.tarot.controllers.CardController - Getting 1 random cards
2026-01-01 20:44:18.027 [http-nio-8080-exec-4] DEBUG [] [] org.hibernate.SQL - select c1_0.id,c1_0.card_description,c1_0.card_value,c1_0.major,c1_0.reversed_description,c1_0.story,c1_0.suit,c1_0.title from card c1_0
2026-01-01 20:44:18.038 [http-nio-8080-exec-4] DEBUG [] [] c.m.tarot.controllers.CardController - Retrieved 78 total cards from repository
2026-01-01 20:44:18.038 [http-nio-8080-exec-4] DEBUG [] [] c.m.tarot.controllers.CardController - Starting enhanced shuffle for 78 cards
2026-01-01 20:44:18.151 [http-nio-8080-exec-4] DEBUG [] [] c.m.tarot.controllers.CardController - Enhanced shuffle completed in 111ms for 78 cards
2026-01-01 20:44:18.151 [http-nio-8080-exec-4] DEBUG [] [] c.m.tarot.controllers.CardController - Selecting 1 cards (requested: 1, available: 78)
2026-01-01 20:44:18.151 [http-nio-8080-exec-4] INFO  [] [] c.m.tarot.controllers.CardController - Successfully generated 1 random cards
2026-01-01 20:44:18.152 [http-nio-8080-exec-4] INFO  [] [] c.m.tarot.controllers.CardController - Single card draw completed - card: Seven Of Wands
2026-01-01 20:44:18.156 [http-nio-8080-exec-4] DEBUG [] [] o.s.w.s.m.m.a.RequestResponseBodyMethodProcessor - Using 'application/json', given [application/json, text/plain, */*] and supported [application/json, application/*+json]
2026-01-01 20:44:18.156 [http-nio-8080-exec-4] DEBUG [] [] o.s.w.s.m.m.a.RequestResponseBodyMethodProcessor - Writing [[com.mercy.tarot.dto.CardDTO@3f9c2caf]]
2026-01-01 20:44:18.157 [http-nio-8080-exec-4] DEBUG [] [] o.s.web.servlet.DispatcherServlet - Completed 200 OK
2026-01-01 20:44:18.196 [http-nio-8080-exec-6] DEBUG [] [] org.hibernate.SQL - select u1_0.id,u1_0.created_at,u1_0.email,u1_0.is_active,u1_0.name,u1_0.password,u1_0.photo_url,u1_0.updated_at from users u1_0 where u1_0.email=?
2026-01-01 20:44:18.223 [http-nio-8080-exec-6] DEBUG [] [] org.hibernate.SQL - select r1_0.user_id,r1_0.role from user_roles r1_0 where r1_0.user_id=?
2026-01-01 20:44:18.224 [http-nio-8080-exec-6] INFO  [] [] c.m.t.s.CustomUserDetailsService - User found: User{id=4, email='ariosa@gmail.com', name='Peter Ariosa', roles=[USER], isActive=true, photoUrl='null', createdAt=2025-08-11T01:02:45, updatedAt=2025-08-11T01:02:45}
2026-01-01 20:44:18.242 [http-nio-8080-exec-6] INFO  [] [] c.m.t.s.JwtAuthenticationFilter - Authenticated user: ariosa@gmail.com
2026-01-01 20:44:18.242 [http-nio-8080-exec-6] DEBUG [] [] o.s.web.servlet.DispatcherServlet - GET "/api/draw", parameters={}
2026-01-01 20:44:18.243 [http-nio-8080-exec-6] DEBUG [] [] o.s.w.s.m.m.a.RequestMappingHandlerMapping - Mapped to com.mercy.tarot.controllers.CardController#draw()
2026-01-01 20:44:18.243 [http-nio-8080-exec-6] INFO  [] [] c.m.tarot.controllers.CardController - Single card draw requested
2026-01-01 20:44:18.244 [http-nio-8080-exec-6] DEBUG [] [] c.m.tarot.controllers.CardController - Getting 1 random cards
2026-01-01 20:44:18.249 [http-nio-8080-exec-6] DEBUG [] [] org.hibernate.SQL - select c1_0.id,c1_0.card_description,c1_0.card_value,c1_0.major,c1_0.reversed_description,c1_0.story,c1_0.suit,c1_0.title from card c1_0
2026-01-01 20:44:18.261 [http-nio-8080-exec-6] DEBUG [] [] c.m.tarot.controllers.CardController - Retrieved 78 total cards from repository
2026-01-01 20:44:18.262 [http-nio-8080-exec-6] DEBUG [] [] c.m.tarot.controllers.CardController - Starting enhanced shuffle for 78 cards
2026-01-01 20:44:18.265 [http-nio-8080-exec-6] DEBUG [] [] c.m.tarot.controllers.CardController - Enhanced shuffle completed in 3ms for 78 cards
2026-01-01 20:44:18.265 [http-nio-8080-exec-6] DEBUG [] [] c.m.tarot.controllers.CardController - Selecting 1 cards (requested: 1, available: 78)
2026-01-01 20:44:18.265 [http-nio-8080-exec-6] INFO  [] [] c.m.tarot.controllers.CardController - Successfully generated 1 random cards
2026-01-01 20:44:18.271 [http-nio-8080-exec-6] INFO  [] [] c.m.tarot.controllers.CardController - Single card draw completed - card: Five Of Cups
2026-01-01 20:44:18.272 [http-nio-8080-exec-6] DEBUG [] [] o.s.w.s.m.m.a.RequestResponseBodyMethodProcessor - Using 'application/json', given [application/json, text/plain, */*] and supported [application/json, application/*+json]
2026-01-01 20:44:18.272 [http-nio-8080-exec-6] DEBUG [] [] o.s.w.s.m.m.a.RequestResponseBodyMethodProcessor - Writing [[com.mercy.tarot.dto.CardDTO@648f40b]]
2026-01-01 20:44:18.272 [http-nio-8080-exec-6] DEBUG [] [] o.s.web.servlet.DispatcherServlet - Completed 200 OK
2026-01-01 20:44:39.025 [http-nio-8080-exec-8] DEBUG [] [] org.hibernate.SQL - select u1_0.id,u1_0.created_at,u1_0.email,u1_0.is_active,u1_0.name,u1_0.password,u1_0.photo_url,u1_0.updated_at from users u1_0 where u1_0.email=?
2026-01-01 20:44:39.030 [http-nio-8080-exec-8] DEBUG [] [] org.hibernate.SQL - select r1_0.user_id,r1_0.role from user_roles r1_0 where r1_0.user_id=?
2026-01-01 20:44:39.031 [http-nio-8080-exec-8] INFO  [] [] c.m.t.s.CustomUserDetailsService - User found: User{id=4, email='ariosa@gmail.com', name='Peter Ariosa', roles=[USER], isActive=true, photoUrl='null', createdAt=2025-08-11T01:02:45, updatedAt=2025-08-11T01:02:45}
2026-01-01 20:44:39.050 [http-nio-8080-exec-8] INFO  [] [] c.m.t.s.JwtAuthenticationFilter - Authenticated user: ariosa@gmail.com
2026-01-01 20:44:39.051 [http-nio-8080-exec-8] DEBUG [] [] o.s.web.servlet.DispatcherServlet - GET "/api/story/character-trait", parameters={}
2026-01-01 20:44:39.051 [http-nio-8080-exec-8] DEBUG [] [] o.s.w.s.m.m.a.RequestMappingHandlerMapping - Mapped to com.mercy.tarot.controllers.StoryController#getRandomCharacterTrait()
2026-01-01 20:44:39.054 [http-nio-8080-exec-8] INFO  [] [] c.m.t.controllers.StoryController - Random character trait requested (free user endpoint)
2026-01-01 20:44:39.066 [http-nio-8080-exec-8] DEBUG [] [] org.hibernate.SQL - select tse1_0.title,tse1_0.ally_defecits,tse1_0.ally_descriptors,tse1_0.ally_goals,tse1_0.call_to_action,tse1_0.card_name,tse1_0.climax_description,tse1_0.climax_event,tse1_0.climax_location,tse1_0.enemy_defecits,tse1_0.enemy_descriptors,tse1_0.enemy_goals,tse1_0.keywords,tse1_0.locations,tse1_0.main_character_defecits,tse1_0.main_character_descriptors,tse1_0.main_character_goals,tse1_0.moral_value,tse1_0.point_of_view,tse1_0.style,tse1_0.theme from tarotstoryelements tse1_0
2026-01-01 20:44:39.115 [http-nio-8080-exec-8] DEBUG [] [] c.m.t.controllers.StoryController - Retrieved 65 story elements for characterTrait extraction
2026-01-01 20:44:39.121 [http-nio-8080-exec-8] DEBUG [] [] c.m.t.controllers.StoryController - Selected characterTrait 'Playful' from card 'Page of Cups'
2026-01-01 20:44:39.139 [http-nio-8080-exec-8] DEBUG [] [] o.s.w.s.m.m.a.HttpEntityMethodProcessor - Using 'application/json', given [application/json, text/plain, */*] and supported [application/json, application/*+json]
2026-01-01 20:44:39.140 [http-nio-8080-exec-8] DEBUG [] [] o.s.w.s.m.m.a.HttpEntityMethodProcessor - Writing [{type=characterTrait, source=Page of Cups, element=Playful}]
2026-01-01 20:44:39.141 [http-nio-8080-exec-8] DEBUG [] [] o.s.web.servlet.DispatcherServlet - Completed 200 OK
2026-01-01 20:44:42.098 [http-nio-8080-exec-10] DEBUG [] [] org.hibernate.SQL - select u1_0.id,u1_0.created_at,u1_0.email,u1_0.is_active,u1_0.name,u1_0.password,u1_0.photo_url,u1_0.updated_at from users u1_0 where u1_0.email=?
2026-01-01 20:44:42.100 [http-nio-8080-exec-10] DEBUG [] [] org.hibernate.SQL - select r1_0.user_id,r1_0.role from user_roles r1_0 where r1_0.user_id=?
2026-01-01 20:44:42.112 [http-nio-8080-exec-10] INFO  [] [] c.m.t.s.CustomUserDetailsService - User found: User{id=4, email='ariosa@gmail.com', name='Peter Ariosa', roles=[USER], isActive=true, photoUrl='null', createdAt=2025-08-11T01:02:45, updatedAt=2025-08-11T01:02:45}
2026-01-01 20:44:42.120 [http-nio-8080-exec-10] INFO  [] [] c.m.t.s.JwtAuthenticationFilter - Authenticated user: ariosa@gmail.com
2026-01-01 20:44:42.124 [http-nio-8080-exec-10] DEBUG [] [] o.s.web.servlet.DispatcherServlet - GET "/api/story/random-keyword", parameters={}
2026-01-01 20:44:42.133 [http-nio-8080-exec-10] DEBUG [] [] o.s.w.s.h.SimpleUrlHandlerMapping - Mapped to ResourceHttpRequestHandler [classpath [META-INF/resources/], classpath [resources/], classpath [static/], classpath [public/], ServletContext [/]]
2026-01-01 20:44:42.180 [http-nio-8080-exec-10] DEBUG [] [] o.s.w.s.r.ResourceHttpRequestHandler - Resource not found
2026-01-01 20:44:42.225 [http-nio-8080-exec-10] DEBUG [] [] o.s.w.s.m.s.DefaultHandlerExceptionResolver - Resolved [org.springframework.web.servlet.resource.NoResourceFoundException: No static resource api/story/random-keyword.]
2026-01-01 20:44:42.226 [http-nio-8080-exec-10] DEBUG [] [] o.s.web.servlet.DispatcherServlet - Completed 404 NOT_FOUND
2026-01-01 20:44:42.230 [http-nio-8080-exec-10] ERROR [] [] c.mercy.tarot.config.SecurityConfig - Authentication error: Full authentication is required to access this resource
2026-01-01 20:44:50.295 [http-nio-8080-exec-2] DEBUG [] [] o.s.web.servlet.DispatcherServlet - POST "/api/auth/login", parameters={}
2026-01-01 20:44:50.296 [http-nio-8080-exec-2] DEBUG [] [] o.s.w.s.m.m.a.RequestMappingHandlerMapping - Mapped to com.mercy.tarot.controllers.AuthController#login(LoginRequest)
2026-01-01 20:44:50.299 [http-nio-8080-exec-2] DEBUG [] [] o.s.w.s.m.m.a.RequestResponseBodyMethodProcessor - Read "application/json;charset=UTF-8" to [LoginRequest[email=ariosa@gmail.com, password=Innit2012!]]
2026-01-01 20:44:50.302 [http-nio-8080-exec-2] DEBUG [] [] org.hibernate.SQL - select u1_0.id,u1_0.created_at,u1_0.email,u1_0.is_active,u1_0.name,u1_0.password,u1_0.photo_url,u1_0.updated_at from users u1_0 where u1_0.email=?
2026-01-01 20:44:50.306 [http-nio-8080-exec-2] DEBUG [] [] org.hibernate.SQL - select r1_0.user_id,r1_0.role from user_roles r1_0 where r1_0.user_id=?
2026-01-01 20:44:50.307 [http-nio-8080-exec-2] INFO  [] [] c.m.t.s.CustomUserDetailsService - User found: User{id=4, email='ariosa@gmail.com', name='Peter Ariosa', roles=[USER], isActive=true, photoUrl='null', createdAt=2025-08-11T01:02:45, updatedAt=2025-08-11T01:02:45}
2026-01-01 20:44:50.384 [http-nio-8080-exec-2] DEBUG [] [] o.s.w.s.m.m.a.HttpEntityMethodProcessor - Using 'application/json', given [application/json, text/plain, */*] and supported [application/json, application/*+json]
2026-01-01 20:44:50.384 [http-nio-8080-exec-2] DEBUG [] [] o.s.w.s.m.m.a.HttpEntityMethodProcessor - Writing [LoginResponse[token=eyJhbGciOiJIUzI1NiJ9.eyJyb2xlcyI6WyJST0xFX1VTRVIiXSwic3ViIjoiYXJpb3NhQGdtYWlsLmN (truncated)...]
2026-01-01 20:44:50.385 [http-nio-8080-exec-2] DEBUG [] [] o.s.web.servlet.DispatcherServlet - Completed 200 OK
2026-01-01 20:44:50.407 [http-nio-8080-exec-3] DEBUG [] [] org.hibernate.SQL - select u1_0.id,u1_0.created_at,u1_0.email,u1_0.is_active,u1_0.name,u1_0.password,u1_0.photo_url,u1_0.updated_at from users u1_0 where u1_0.email=?
2026-01-01 20:44:50.409 [http-nio-8080-exec-3] DEBUG [] [] org.hibernate.SQL - select r1_0.user_id,r1_0.role from user_roles r1_0 where r1_0.user_id=?
2026-01-01 20:44:50.412 [http-nio-8080-exec-3] INFO  [] [] c.m.t.s.CustomUserDetailsService - User found: User{id=4, email='ariosa@gmail.com', name='Peter Ariosa', roles=[USER], isActive=true, photoUrl='null', createdAt=2025-08-11T01:02:45, updatedAt=2025-08-11T01:02:45}
2026-01-01 20:44:50.427 [http-nio-8080-exec-3] INFO  [] [] c.m.t.s.JwtAuthenticationFilter - Authenticated user: ariosa@gmail.com
2026-01-01 20:44:50.428 [http-nio-8080-exec-3] DEBUG [] [] o.s.web.servlet.DispatcherServlet - GET "/api/users/me", parameters={}
2026-01-01 20:44:50.429 [http-nio-8080-exec-3] DEBUG [] [] o.s.w.s.m.m.a.RequestMappingHandlerMapping - Mapped to com.mercy.tarot.controllers.UserController#getCurrentUser(Authentication)
2026-01-01 20:44:50.433 [http-nio-8080-exec-3] DEBUG [] [] org.hibernate.SQL - select u1_0.id,u1_0.created_at,u1_0.email,u1_0.is_active,u1_0.name,u1_0.password,u1_0.photo_url,u1_0.updated_at from users u1_0 where u1_0.email=?
2026-01-01 20:44:50.434 [http-nio-8080-exec-3] DEBUG [] [] org.hibernate.SQL - select r1_0.user_id,r1_0.role from user_roles r1_0 where r1_0.user_id=?
2026-01-01 20:44:50.438 [http-nio-8080-exec-3] DEBUG [] [] o.s.w.s.m.m.a.HttpEntityMethodProcessor - Using 'application/json', given [application/json, text/plain, */*] and supported [application/json, application/*+json]
2026-01-01 20:44:50.439 [http-nio-8080-exec-3] DEBUG [] [] o.s.w.s.m.m.a.HttpEntityMethodProcessor - Writing [com.mercy.tarot.dto.UserProfileDTO@5ffc149a]
2026-01-01 20:44:50.439 [http-nio-8080-exec-3] DEBUG [] [] o.s.web.servlet.DispatcherServlet - Completed 200 OK
2026-01-01 20:47:45.784 [SpringApplicationShutdownHook] INFO  [] [] o.s.o.j.LocalContainerEntityManagerFactoryBean - Closing JPA EntityManagerFactory for persistence unit 'default'
2026-01-01 20:47:45.817 [SpringApplicationShutdownHook] TRACE [] [] o.h.type.spi.TypeConfiguration$Scope - Handling #sessionFactoryClosed from [org.hibernate.internal.SessionFactoryImpl@3203a4ae] for TypeConfiguration
2026-01-01 20:47:45.817 [SpringApplicationShutdownHook] DEBUG [] [] o.h.type.spi.TypeConfiguration$Scope - Un-scoping TypeConfiguration [org.hibernate.type.spi.TypeConfiguration$Scope@1ca5ada7] from SessionFactory [org.hibernate.internal.SessionFactoryImpl@3203a4ae]
2026-01-01 20:47:45.834 [SpringApplicationShutdownHook] INFO  [] [] com.zaxxer.hikari.HikariDataSource - HikariPool-1 - Shutdown initiated...
2026-01-01 20:47:45.852 [SpringApplicationShutdownHook] INFO  [] [] com.zaxxer.hikari.HikariDataSource - HikariPool-1 - Shutdown completed.
